Archive member included because of file (symbol)

c:/program files (x86)/atmel/atmel toolchain/avr32 gcc/native/3.4.1067/avr32-gnu-toolchain/bin/../lib/gcc/avr32/4.4.7/../../../../avr32/lib/ucr3fp\libc.a(lib_a-memcpy.o)
                              src/i2c_tests.o (memcpy)
c:/program files (x86)/atmel/atmel toolchain/avr32 gcc/native/3.4.1067/avr32-gnu-toolchain/bin/../lib/gcc/avr32/4.4.7/../../../../avr32/lib/ucr3fp\libc.a(lib_a-sprintf.o)
                              src/i2c_tests.o (sprintf)
c:/program files (x86)/atmel/atmel toolchain/avr32 gcc/native/3.4.1067/avr32-gnu-toolchain/bin/../lib/gcc/avr32/4.4.7/../../../../avr32/lib/ucr3fp\libc.a(lib_a-strcmp.o)
                              src/terminal_controller.o (strcmp)
c:/program files (x86)/atmel/atmel toolchain/avr32 gcc/native/3.4.1067/avr32-gnu-toolchain/bin/../lib/gcc/avr32/4.4.7/../../../../avr32/lib/ucr3fp\libc.a(lib_a-vfprintf.o)
                              c:/program files (x86)/atmel/atmel toolchain/avr32 gcc/native/3.4.1067/avr32-gnu-toolchain/bin/../lib/gcc/avr32/4.4.7/../../../../avr32/lib/ucr3fp\libc.a(lib_a-sprintf.o) (_vfprintf_r)
c:/program files (x86)/atmel/atmel toolchain/avr32 gcc/native/3.4.1067/avr32-gnu-toolchain/bin/../lib/gcc/avr32/4.4.7/../../../../avr32/lib/ucr3fp\libc.a(lib_a-wsetup.o)
                              c:/program files (x86)/atmel/atmel toolchain/avr32 gcc/native/3.4.1067/avr32-gnu-toolchain/bin/../lib/gcc/avr32/4.4.7/../../../../avr32/lib/ucr3fp\libc.a(lib_a-vfprintf.o) (__swsetup_r)
c:/program files (x86)/atmel/atmel toolchain/avr32 gcc/native/3.4.1067/avr32-gnu-toolchain/bin/../lib/gcc/avr32/4.4.7/../../../../avr32/lib/ucr3fp\libc.a(lib_a-dtoa.o)
                              c:/program files (x86)/atmel/atmel toolchain/avr32 gcc/native/3.4.1067/avr32-gnu-toolchain/bin/../lib/gcc/avr32/4.4.7/../../../../avr32/lib/ucr3fp\libc.a(lib_a-vfprintf.o) (_dtoa_r)
c:/program files (x86)/atmel/atmel toolchain/avr32 gcc/native/3.4.1067/avr32-gnu-toolchain/bin/../lib/gcc/avr32/4.4.7/../../../../avr32/lib/ucr3fp\libc.a(lib_a-fflush.o)
                              c:/program files (x86)/atmel/atmel toolchain/avr32 gcc/native/3.4.1067/avr32-gnu-toolchain/bin/../lib/gcc/avr32/4.4.7/../../../../avr32/lib/ucr3fp\libc.a(lib_a-vfprintf.o) (_fflush_r)
c:/program files (x86)/atmel/atmel toolchain/avr32 gcc/native/3.4.1067/avr32-gnu-toolchain/bin/../lib/gcc/avr32/4.4.7/../../../../avr32/lib/ucr3fp\libc.a(lib_a-findfp.o)
                              c:/program files (x86)/atmel/atmel toolchain/avr32 gcc/native/3.4.1067/avr32-gnu-toolchain/bin/../lib/gcc/avr32/4.4.7/../../../../avr32/lib/ucr3fp\libc.a(lib_a-vfprintf.o) (__sinit)
c:/program files (x86)/atmel/atmel toolchain/avr32 gcc/native/3.4.1067/avr32-gnu-toolchain/bin/../lib/gcc/avr32/4.4.7/../../../../avr32/lib/ucr3fp\libc.a(lib_a-freer.o)
                              c:/program files (x86)/atmel/atmel toolchain/avr32 gcc/native/3.4.1067/avr32-gnu-toolchain/bin/../lib/gcc/avr32/4.4.7/../../../../avr32/lib/ucr3fp\libc.a(lib_a-wsetup.o) (_free_r)
c:/program files (x86)/atmel/atmel toolchain/avr32 gcc/native/3.4.1067/avr32-gnu-toolchain/bin/../lib/gcc/avr32/4.4.7/../../../../avr32/lib/ucr3fp\libc.a(lib_a-fvwrite.o)
                              c:/program files (x86)/atmel/atmel toolchain/avr32 gcc/native/3.4.1067/avr32-gnu-toolchain/bin/../lib/gcc/avr32/4.4.7/../../../../avr32/lib/ucr3fp\libc.a(lib_a-vfprintf.o) (__sfvwrite_r)
c:/program files (x86)/atmel/atmel toolchain/avr32 gcc/native/3.4.1067/avr32-gnu-toolchain/bin/../lib/gcc/avr32/4.4.7/../../../../avr32/lib/ucr3fp\libc.a(lib_a-fwalk.o)
                              c:/program files (x86)/atmel/atmel toolchain/avr32 gcc/native/3.4.1067/avr32-gnu-toolchain/bin/../lib/gcc/avr32/4.4.7/../../../../avr32/lib/ucr3fp\libc.a(lib_a-fflush.o) (_fwalk_reent)
c:/program files (x86)/atmel/atmel toolchain/avr32 gcc/native/3.4.1067/avr32-gnu-toolchain/bin/../lib/gcc/avr32/4.4.7/../../../../avr32/lib/ucr3fp\libc.a(lib_a-impure.o)
                              c:/program files (x86)/atmel/atmel toolchain/avr32 gcc/native/3.4.1067/avr32-gnu-toolchain/bin/../lib/gcc/avr32/4.4.7/../../../../avr32/lib/ucr3fp\libc.a(lib_a-sprintf.o) (_impure_ptr)
c:/program files (x86)/atmel/atmel toolchain/avr32 gcc/native/3.4.1067/avr32-gnu-toolchain/bin/../lib/gcc/avr32/4.4.7/../../../../avr32/lib/ucr3fp\libc.a(lib_a-locale.o)
                              c:/program files (x86)/atmel/atmel toolchain/avr32 gcc/native/3.4.1067/avr32-gnu-toolchain/bin/../lib/gcc/avr32/4.4.7/../../../../avr32/lib/ucr3fp\libc.a(lib_a-vfprintf.o) (_localeconv_r)
c:/program files (x86)/atmel/atmel toolchain/avr32 gcc/native/3.4.1067/avr32-gnu-toolchain/bin/../lib/gcc/avr32/4.4.7/../../../../avr32/lib/ucr3fp\libc.a(lib_a-makebuf.o)
                              c:/program files (x86)/atmel/atmel toolchain/avr32 gcc/native/3.4.1067/avr32-gnu-toolchain/bin/../lib/gcc/avr32/4.4.7/../../../../avr32/lib/ucr3fp\libc.a(lib_a-wsetup.o) (__smakebuf_r)
[...]
Memory Configuration

Name             Origin             Length             Attributes
FLASH            0x80000000         0x00080000         axrl !w
INTRAM           0x00000004         0x0000fffc         axw !rl
HRAM0            0xa0000000         0x00001000         axw !rl
USERPAGE_RESERVED 0x80800000         0x00000004         r
USERPAGE         0x80800004         0x000001fc
*default*        0x00000000         0xffffffff

Linker script and memory map

                0x00001000                _stack_size = 0x1000
LOAD src/ASF/avr32/drivers/twim/twim.o
LOAD src/ASF/avr32/drivers/twis/twis.o
LOAD src/i2c_tests.o
LOAD src/terminal_controller.o
LOAD src/tests_execution_control.o
LOAD src/ASF/avr32/boards/stk600/rcuc3c0/init.o
LOAD src/ASF/avr32/boards/stk600/rcuc3c0/led.o
LOAD src/ASF/avr32/drivers/flashc/flashc.o
LOAD src/ASF/avr32/drivers/gpio/gpio.o
LOAD src/ASF/avr32/drivers/intc/exception.o
LOAD src/ASF/avr32/drivers/intc/intc.o
LOAD src/ASF/avr32/drivers/usart/usart.o
LOAD src/ASF/avr32/utils/startup/startup_uc3.o
LOAD src/ASF/avr32/utils/startup/trampoline_uc3.o
LOAD src/ASF/common/services/clock/uc3c/osc.o
LOAD src/ASF/common/services/clock/uc3c/pll.o
LOAD src/ASF/common/services/clock/uc3c/sysclk.o
LOAD src/tcc_test_controller.o
START GROUP
LOAD c:/program files (x86)/atmel/atmel toolchain/avr32 gcc/native/3.4.1067/avr32-gnu-toolchain/bin/../lib/gcc/avr32/4.4.7/../../../../avr32/lib/ucr3fp\libm.a
END GROUP
LOAD c:/program files (x86)/atmel/atmel toolchain/avr32 gcc/native/3.4.1067/avr32-gnu-toolchain/bin/../lib/gcc/avr32/4.4.7/ucr3fp\libgcc.a
LOAD c:/program files (x86)/atmel/atmel toolchain/avr32 gcc/native/3.4.1067/avr32-gnu-toolchain/bin/../lib/gcc/avr32/4.4.7/../../../../avr32/lib/ucr3fp\libc.a
LOAD c:/program files (x86)/atmel/atmel toolchain/avr32 gcc/native/3.4.1067/avr32-gnu-toolchain/bin/../lib/gcc/avr32/4.4.7/ucr3fp\libgcc.a
                0xffffffff                __max_heap_size__ = 0xffffffff
                [0xffffffff]                __heap_size__ = DEFINED (__heap_size__)?__heap_size__:__max_heap_size__
                [0x00001000]                __stack_size__ = DEFINED (__stack_size__)?__stack_size__:0x1000
                0x80000000                PROVIDE (__executable_start, 0x80000000)
                0x80000000                . = 0x80000000

.interp
 *(.interp)

.reset          0x80000000     0x2008
 *(.reset)
 .reset         0x80000000        0x4 src/ASF/avr32/utils/startup/startup_uc3.o
                                  0x8 (size before relaxing)
                0x80000000                _start
 .reset         0x80000004     0x2004 src/ASF/avr32/utils/startup/trampoline_uc3.o
                               0x2008 (size before relaxing)
                0x80000004                _trampoline

.hash
 *(.hash)

.dynsym
 *(.dynsym)

.dynstr
 *(.dynstr)

.gnu.version
 *(.gnu.version)

.gnu.version_d
 *(.gnu.version_d)

.gnu.version_r
 *(.gnu.version_r)

.rel.init
 *(.rel.init)

.rela.init
 *(.rela.init)

.rel.text
 *(.rel.text .rel.text.* .rel.gnu.linkonce.t.*)

.rela.text
 *(.rela.text .rela.text.* .rela.gnu.linkonce.t.*)

.rel.fini
 *(.rel.fini)

.rela.fini
 *(.rela.fini)

.rel.rodata
 *(.rel.rodata .rel.rodata.* .rel.gnu.linkonce.r.*)

.rela.rodata
 *(.rela.rodata .rela.rodata.* .rela.gnu.linkonce.r.*)

.rel.data.rel.ro
 *(.rel.data.rel.ro*)

.rela.data.rel.ro
 *(.rel.data.rel.ro*)

.rel.data
 *(.rel.data .rel.data.* .rel.gnu.linkonce.d.*)

.rela.data
 *(.rela.data .rela.data.* .rela.gnu.linkonce.d.*)

.rel.tdata
 *(.rel.tdata .rel.tdata.* .rel.gnu.linkonce.td.*)

.rela.tdata
 *(.rela.tdata .rela.tdata.* .rela.gnu.linkonce.td.*)

.rel.tbss
 *(.rel.tbss .rel.tbss.* .rel.gnu.linkonce.tb.*)

.rela.tbss
 *(.rela.tbss .rela.tbss.* .rela.gnu.linkonce.tb.*)

.rel.ctors
 *(.rel.ctors)

.rela.ctors
 *(.rela.ctors)

.rel.dtors
 *(.rel.dtors)

.rela.dtors
 *(.rela.dtors)

.rel.got
 *(.rel.got)

.rela.got       0x80002008        0x0
 *(.rela.got)
 .rela.got      0x80002008        0x0 src/i2c_tests.o

.rel.bss
 *(.rel.bss .rel.bss.* .rel.gnu.linkonce.b.*)

.rela.bss
 *(.rela.bss .rela.bss.* .rela.gnu.linkonce.b.*)

.rel.plt
 *(.rel.plt)

.rela.plt
 *(.rela.plt)

.init
 *(.init)

.plt
 *(.plt)

.text           0x80002008     0x6d28
 *(.text .stub .text.* .gnu.linkonce.t.*)
 .text.twim_master_interrupt_handler
                0x80002008       0xdc src/ASF/avr32/drivers/twim/twim.o
 .text.twim_set_speed
                0x800020e4       0x70 src/ASF/avr32/drivers/twim/twim.o
                0x800020e4                twim_set_speed
 .text.twim_status
                0x80002154       0x10 src/ASF/avr32/drivers/twim/twim.o
                0x80002154                twim_status
 .text.twim_disable_interrupt
                0x80002164       0x14 src/ASF/avr32/drivers/twim/twim.o
                0x80002164                twim_disable_interrupt
 .text.twim_write
                0x80002178       0xb4 src/ASF/avr32/drivers/twim/twim.o
                0x80002178                twim_write
 .text.twim_probe
                0x8000222c       0x1c src/ASF/avr32/drivers/twim/twim.o
                0x8000222c                twim_probe
 .text.twim_master_init
                0x80002248       0xb8 src/ASF/avr32/drivers/twim/twim.o
                0x80002248                twim_master_init
 .text.twis_slave_interrupt_handler
                0x80002300      0x10c src/ASF/avr32/drivers/twis/twis.o
 .text.twis_slave_init
                0x8000240c       0xc8 src/ASF/avr32/drivers/twis/twis.o
                0x8000240c                twis_slave_init
 .text.masterReceiverTest
                0x800024d4       0xe4 src/i2c_tests.o
                0x800024d4                masterReceiverTest
 .text.slaveReceiverTest
                0x800025b8      0x12c src/i2c_tests.o
                0x800025b8                slaveReceiverTest
 .text.masterTransmitterTest
                0x800026e4      0x150 src/i2c_tests.o
                0x800026e4                masterTransmitterTest
 .text.i2c_test_all
                0x80002834       0x1c src/i2c_tests.o
                0x80002834                i2c_test_all
 .text.StopFunction
                0x80002850       0x18 src/i2c_tests.o
                0x80002850                StopFunction
 .text.TxFunction
                0x80002868       0x40 src/i2c_tests.o
                0x80002868                TxFunction
 .text.RxFunction
                0x800028a8       0x24 src/i2c_tests.o
                0x800028a8                RxFunction
 .text.initI2CTestsInterface
                0x800028cc       0x58 src/i2c_tests.o
                0x800028cc                initI2CTestsInterface
 .text.manage_command
                0x80002924      0x11c src/terminal_controller.o
                0x80002924                manage_command
 .text.initTerminalInterface
                0x80002a40       0x40 src/terminal_controller.o
                0x80002a40                initTerminalInterface
 .text.start_terminal
                0x80002a80       0x7c src/terminal_controller.o
                0x80002a80                start_terminal
 .text.newEmptyTestCmdFrame
                0x80002afc       0x48 src/tests_execution_control.o
                0x80002afc                newEmptyTestCmdFrame
 .text.rcvTestCmdAnswer
                0x80002b44      0x104 src/tests_execution_control.o
                0x80002b44                rcvTestCmdAnswer
 .text.sendTestCmdFrame
                0x80002c48       0xb8 src/tests_execution_control.o
                0x80002c48                sendTestCmdFrame
 .text.initTestsExecContrInterface
                0x80002d00       0x40 src/tests_execution_control.o
                0x80002d00                initTestsExecContrInterface
 .text.flashc_set_wait_state
                0x80002d40        0xe src/ASF/avr32/drivers/flashc/flashc.o
                0x80002d40                flashc_set_wait_state
 *fill*         0x80002d4e        0x2 d703d703
 .text.flashc_set_bus_freq
                0x80002d50       0x24 src/ASF/avr32/drivers/flashc/flashc.o
                0x80002d50                flashc_set_bus_freq
 .text.gpio_enable_module_pin
                0x80002d74       0x94 src/ASF/avr32/drivers/gpio/gpio.o
                0x80002d74                gpio_enable_module_pin
 .text.gpio_configure_pin
                0x80002e08      0x130 src/ASF/avr32/drivers/gpio/gpio.o
                0x80002e08                gpio_configure_pin
 .text.gpio_set_pin_low
                0x80002f38       0x16 src/ASF/avr32/drivers/gpio/gpio.o
                0x80002f38                gpio_set_pin_low
 .text.gpio_tgl_gpio_pin
                0x80002f4e       0x1c src/ASF/avr32/drivers/gpio/gpio.o
                0x80002f4e                gpio_tgl_gpio_pin
 *fill*         0x80002f6a        0x2 d703d703
 .text.INTC_register_interrupt
                0x80002f6c       0x80 src/ASF/avr32/drivers/intc/intc.o
                0x80002f6c                INTC_register_interrupt
 .text._get_interrupt_handler
                0x80002fec       0x38 src/ASF/avr32/drivers/intc/intc.o
                0x80002fec                _get_interrupt_handler
 .text.usart_set_async_baudrate
                0x80003024       0x5a src/ASF/avr32/drivers/usart/usart.o
 .text.usart_write_char
                0x8000307e       0x14 src/ASF/avr32/drivers/usart/usart.o
                0x8000307e                usart_write_char
 *fill*         0x80003092        0x2 d703d703
 .text.usart_putchar
                0x80003094       0x2c src/ASF/avr32/drivers/usart/usart.o
                0x80003094                usart_putchar
 .text.usart_read_char
                0x800030c0       0x22 src/ASF/avr32/drivers/usart/usart.o
                0x800030c0                usart_read_char
 *fill*         0x800030e2        0x2 d703d703
 .text.usart_getchar
                0x800030e4       0x2c src/ASF/avr32/drivers/usart/usart.o
                0x800030e4                usart_getchar
 .text.usart_getchar_timeout
                0x80003110       0x40 src/ASF/avr32/drivers/usart/usart.o
                0x80003110                usart_getchar_timeout
 .text.usart_write_line
                0x80003150       0x24 src/ASF/avr32/drivers/usart/usart.o
                0x80003150                usart_write_line
 .text.usart_reset
                0x80003174       0x2c src/ASF/avr32/drivers/usart/usart.o
                0x80003174                usart_reset
 .text.usart_init_rs232
                0x800031a0       0xcc src/ASF/avr32/drivers/usart/usart.o
                0x800031a0                usart_init_rs232
 .text._stext   0x8000326c       0x40 src/ASF/avr32/utils/startup/startup_uc3.o
                                 0x50 (size before relaxing)
                0x8000326c                _stext
 .text.osc_priv_enable_osc0
                0x800032ac       0x24 src/ASF/common/services/clock/uc3c/osc.o
                0x800032ac                osc_priv_enable_osc0
 .text.sysclk_set_source
                0x800032d0       0x20 src/ASF/common/services/clock/uc3c/sysclk.o
                0x800032d0                sysclk_set_source
 .text.sysclk_init
                0x800032f0       0x34 src/ASF/common/services/clock/uc3c/sysclk.o
                0x800032f0                sysclk_init
 .text.general_initialize
                0x80003324       0x68 src/tcc_test_controller.o
                0x80003324                general_initialize
 .text.main     0x8000338c       0x28 src/tcc_test_controller.o
                0x8000338c                main
 .text          0x800033b4      0x148 c:/program files (x86)/atmel/atmel toolchain/avr32 gcc/native/3.4.1067/avr32-gnu-toolchain/bin/../lib/gcc/avr32/4.4.7/../../../../avr32/lib/ucr3fp\libc.a(lib_a-memcpy.o)
                0x800033b4                memcpy
 .text.sprintf  0x800034fc       0x38 c:/program files (x86)/atmel/atmel toolchain/avr32 gcc/native/3.4.1067/avr32-gnu-toolchain/bin/../lib/gcc/avr32/4.4.7/../../../../avr32/lib/ucr3fp\libc.a(lib_a-sprintf.o)
                                 0x40 (size before relaxing)
                0x800034fc                sprintf
 .text          0x80003534       0xa8 c:/program files (x86)/atmel/atmel toolchain/avr32 gcc/native/3.4.1067/avr32-gnu-toolchain/bin/../lib/gcc/avr32/4.4.7/../../../../avr32/lib/ucr3fp\libc.a(lib_a-strcmp.o)
                0x80003534                strcmp
 .text.get_arg  0x800035dc      0x314 c:/program files (x86)/atmel/atmel toolchain/avr32 gcc/native/3.4.1067/avr32-gnu-toolchain/bin/../lib/gcc/avr32/4.4.7/../../../../avr32/lib/ucr3fp\libc.a(lib_a-vfprintf.o)
                                0x324 (size before relaxing)
 .text.__sprint_r
                0x800038f0       0x1c c:/program files (x86)/atmel/atmel toolchain/avr32 gcc/native/3.4.1067/avr32-gnu-toolchain/bin/../lib/gcc/avr32/4.4.7/../../../../avr32/lib/ucr3fp\libc.a(lib_a-vfprintf.o)
                                 0x20 (size before relaxing)
 .text._vfprintf_r
                0x8000390c     0x1f14 c:/program files (x86)/atmel/atmel toolchain/avr32 gcc/native/3.4.1067/avr32-gnu-toolchain/bin/../lib/gcc/avr32/4.4.7/../../../../avr32/lib/ucr3fp\libc.a(lib_a-vfprintf.o)
                               0x1f9c (size before relaxing)
                0x8000390c                _vfprintf_r
 .text.__swsetup_r
                0x80005820       0xdc c:/program files (x86)/atmel/atmel toolchain/avr32 gcc/native/3.4.1067/avr32-gnu-toolchain/bin/../lib/gcc/avr32/4.4.7/../../../../avr32/lib/ucr3fp\libc.a(lib_a-wsetup.o)
                                 0xe8 (size before relaxing)
                0x80005820                __swsetup_r
 .text.quorem   0x800058fc      0x120 c:/program files (x86)/atmel/atmel toolchain/avr32 gcc/native/3.4.1067/avr32-gnu-toolchain/bin/../lib/gcc/avr32/4.4.7/../../../../avr32/lib/ucr3fp\libc.a(lib_a-dtoa.o)
                                0x124 (size before relaxing)
 .text._dtoa_r  0x80005a1c      0xbdc c:/program files (x86)/atmel/atmel toolchain/avr32 gcc/native/3.4.1067/avr32-gnu-toolchain/bin/../lib/gcc/avr32/4.4.7/../../../../avr32/lib/ucr3fp\libc.a(lib_a-dtoa.o)
                                0xc90 (size before relaxing)
                0x80005a1c                _dtoa_r
 .text._fflush_r
                0x800065f8      0x10c c:/program files (x86)/atmel/atmel toolchain/avr32 gcc/native/3.4.1067/avr32-gnu-toolchain/bin/../lib/gcc/avr32/4.4.7/../../../../avr32/lib/ucr3fp\libc.a(lib_a-fflush.o)
                                0x118 (size before relaxing)
                0x800065f8                _fflush_r
 .text.__sfp_lock_acquire
                0x80006704        0x2 c:/program files (x86)/atmel/atmel toolchain/avr32 gcc/native/3.4.1067/avr32-gnu-toolchain/bin/../lib/gcc/avr32/4.4.7/../../../../avr32/lib/ucr3fp\libc.a(lib_a-findfp.o)
                0x80006704                __sfp_lock_acquire
 .text.__sfp_lock_release
                0x80006706        0x2 c:/program files (x86)/atmel/atmel toolchain/avr32 gcc/native/3.4.1067/avr32-gnu-toolchain/bin/../lib/gcc/avr32/4.4.7/../../../../avr32/lib/ucr3fp\libc.a(lib_a-findfp.o)
                0x80006706                __sfp_lock_release
 .text._cleanup_r
                0x80006708        0xc c:/program files (x86)/atmel/atmel toolchain/avr32 gcc/native/3.4.1067/avr32-gnu-toolchain/bin/../lib/gcc/avr32/4.4.7/../../../../avr32/lib/ucr3fp\libc.a(lib_a-findfp.o)
                                 0x14 (size before relaxing)
                0x80006708                _cleanup_r
 .text.__sfmoreglue
                0x80006714       0x28 c:/program files (x86)/atmel/atmel toolchain/avr32 gcc/native/3.4.1067/avr32-gnu-toolchain/bin/../lib/gcc/avr32/4.4.7/../../../../avr32/lib/ucr3fp\libc.a(lib_a-findfp.o)
                                 0x30 (size before relaxing)
                0x80006714                __sfmoreglue
 .text.__sfp    0x8000673c       0x6c c:/program files (x86)/atmel/atmel toolchain/avr32 gcc/native/3.4.1067/avr32-gnu-toolchain/bin/../lib/gcc/avr32/4.4.7/../../../../avr32/lib/ucr3fp\libc.a(lib_a-findfp.o)
                                 0x7c (size before relaxing)
                0x8000673c                __sfp
 .text.__sinit  0x800067a8       0x9c c:/program files (x86)/atmel/atmel toolchain/avr32 gcc/native/3.4.1067/avr32-gnu-toolchain/bin/../lib/gcc/avr32/4.4.7/../../../../avr32/lib/ucr3fp\libc.a(lib_a-findfp.o)
                                 0xb0 (size before relaxing)
                0x800067a8                __sinit
 .text._malloc_trim_r
                0x80006844       0x98 c:/program files (x86)/atmel/atmel toolchain/avr32 gcc/native/3.4.1067/avr32-gnu-toolchain/bin/../lib/gcc/avr32/4.4.7/../../../../avr32/lib/ucr3fp\libc.a(lib_a-freer.o)
                                 0xa8 (size before relaxing)
                0x80006844                _malloc_trim_r
 .text._free_r  0x800068dc      0x18c c:/program files (x86)/atmel/atmel toolchain/avr32 gcc/native/3.4.1067/avr32-gnu-toolchain/bin/../lib/gcc/avr32/4.4.7/../../../../avr32/lib/ucr3fp\libc.a(lib_a-freer.o)
                                0x1a0 (size before relaxing)
                0x800068dc                _free_r
 .text.__sfvwrite_r
                0x80006a68      0x2a0 c:/program files (x86)/atmel/atmel toolchain/avr32 gcc/native/3.4.1067/avr32-gnu-toolchain/bin/../lib/gcc/avr32/4.4.7/../../../../avr32/lib/ucr3fp\libc.a(lib_a-fvwrite.o)
                                0x2c4 (size before relaxing)
                0x80006a68                __sfvwrite_r
 .text._fwalk   0x80006d08       0x4c c:/program files (x86)/atmel/atmel toolchain/avr32 gcc/native/3.4.1067/avr32-gnu-toolchain/bin/../lib/gcc/avr32/4.4.7/../../../../avr32/lib/ucr3fp\libc.a(lib_a-fwalk.o)
                                 0x54 (size before relaxing)
                0x80006d08                _fwalk
 .text._localeconv_r
                0x80006d54        0x8 c:/program files (x86)/atmel/atmel toolchain/avr32 gcc/native/3.4.1067/avr32-gnu-toolchain/bin/../lib/gcc/avr32/4.4.7/../../../../avr32/lib/ucr3fp\libc.a(lib_a-locale.o)
                0x80006d54                _localeconv_r
 .text.__smakebuf_r
                0x80006d5c       0xbc c:/program files (x86)/atmel/atmel toolchain/avr32 gcc/native/3.4.1067/avr32-gnu-toolchain/bin/../lib/gcc/avr32/4.4.7/../../../../avr32/lib/ucr3fp\libc.a(lib_a-makebuf.o)
                                 0xcc (size before relaxing)
                0x80006d5c                __smakebuf_r
 .text.malloc   0x80006e18       0x10 c:/program files (x86)/atmel/atmel toolchain/avr32 gcc/native/3.4.1067/avr32-gnu-toolchain/bin/../lib/gcc/avr32/4.4.7/../../../../avr32/lib/ucr3fp\libc.a(lib_a-malloc.o)
                                 0x18 (size before relaxing)
                0x80006e18                malloc
 .text._malloc_r
                0x80006e28      0x430 c:/program files (x86)/atmel/atmel toolchain/avr32 gcc/native/3.4.1067/avr32-gnu-toolchain/bin/../lib/gcc/avr32/4.4.7/../../../../avr32/lib/ucr3fp\libc.a(lib_a-mallocr.o)
                                0x450 (size before relaxing)
                0x80006e28                _malloc_r
 .text.memchr   0x80007258       0x16 c:/program files (x86)/atmel/atmel toolchain/avr32 gcc/native/3.4.1067/avr32-gnu-toolchain/bin/../lib/gcc/avr32/4.4.7/../../../../avr32/lib/ucr3fp\libc.a(lib_a-memchr.o)
                0x80007258                memchr
 .text.memmove  0x8000726e       0x3e c:/program files (x86)/atmel/atmel toolchain/avr32 gcc/native/3.4.1067/avr32-gnu-toolchain/bin/../lib/gcc/avr32/4.4.7/../../../../avr32/lib/ucr3fp\libc.a(lib_a-memmove.o)
                0x8000726e                memmove
 .text.memset   0x800072ac        0xe c:/program files (x86)/atmel/atmel toolchain/avr32 gcc/native/3.4.1067/avr32-gnu-toolchain/bin/../lib/gcc/avr32/4.4.7/../../../../avr32/lib/ucr3fp\libc.a(lib_a-memset.o)
                0x800072ac                memset
 .text.__malloc_lock
                0x800072ba        0x2 c:/program files (x86)/atmel/atmel toolchain/avr32 gcc/native/3.4.1067/avr32-gnu-toolchain/bin/../lib/gcc/avr32/4.4.7/../../../../avr32/lib/ucr3fp\libc.a(lib_a-mlock.o)
                0x800072ba                __malloc_lock
 .text.__malloc_unlock
                0x800072bc        0x2 c:/program files (x86)/atmel/atmel toolchain/avr32 gcc/native/3.4.1067/avr32-gnu-toolchain/bin/../lib/gcc/avr32/4.4.7/../../../../avr32/lib/ucr3fp\libc.a(lib_a-mlock.o)
                0x800072bc                __malloc_unlock
 .text.__hi0bits
                0x800072be       0x60 c:/program files (x86)/atmel/atmel toolchain/avr32 gcc/native/3.4.1067/avr32-gnu-toolchain/bin/../lib/gcc/avr32/4.4.7/../../../../avr32/lib/ucr3fp\libc.a(lib_a-mprec.o)
                0x800072be                __hi0bits
 .text.__lo0bits
                0x8000731e       0x8e c:/program files (x86)/atmel/atmel toolchain/avr32 gcc/native/3.4.1067/avr32-gnu-toolchain/bin/../lib/gcc/avr32/4.4.7/../../../../avr32/lib/ucr3fp\libc.a(lib_a-mprec.o)
                0x8000731e                __lo0bits
 .text.__mcmp   0x800073ac       0x32 c:/program files (x86)/atmel/atmel toolchain/avr32 gcc/native/3.4.1067/avr32-gnu-toolchain/bin/../lib/gcc/avr32/4.4.7/../../../../avr32/lib/ucr3fp\libc.a(lib_a-mprec.o)
                0x800073ac                __mcmp
 *fill*         0x800073de        0x2 d703d703
 .text._Bfree   0x800073e0       0x34 c:/program files (x86)/atmel/atmel toolchain/avr32 gcc/native/3.4.1067/avr32-gnu-toolchain/bin/../lib/gcc/avr32/4.4.7/../../../../avr32/lib/ucr3fp\libc.a(lib_a-mprec.o)
                                 0x38 (size before relaxing)
                0x800073e0                _Bfree
 .text._Balloc  0x80007414       0x70 c:/program files (x86)/atmel/atmel toolchain/avr32 gcc/native/3.4.1067/avr32-gnu-toolchain/bin/../lib/gcc/avr32/4.4.7/../../../../avr32/lib/ucr3fp\libc.a(lib_a-mprec.o)
                                 0x78 (size before relaxing)
                0x80007414                _Balloc
 .text.__d2b    0x80007484       0xa0 c:/program files (x86)/atmel/atmel toolchain/avr32 gcc/native/3.4.1067/avr32-gnu-toolchain/bin/../lib/gcc/avr32/4.4.7/../../../../avr32/lib/ucr3fp\libc.a(lib_a-mprec.o)
                                 0xb4 (size before relaxing)
                0x80007484                __d2b
 .text.__mdiff  0x80007524       0xd0 c:/program files (x86)/atmel/atmel toolchain/avr32 gcc/native/3.4.1067/avr32-gnu-toolchain/bin/../lib/gcc/avr32/4.4.7/../../../../avr32/lib/ucr3fp\libc.a(lib_a-mprec.o)
                                 0xd8 (size before relaxing)
                0x80007524                __mdiff
 .text.__lshift
                0x800075f4       0x88 c:/program files (x86)/atmel/atmel toolchain/avr32 gcc/native/3.4.1067/avr32-gnu-toolchain/bin/../lib/gcc/avr32/4.4.7/../../../../avr32/lib/ucr3fp\libc.a(lib_a-mprec.o)
                                 0x94 (size before relaxing)
                0x800075f4                __lshift
 .text.__multiply
                0x8000767c      0x100 c:/program files (x86)/atmel/atmel toolchain/avr32 gcc/native/3.4.1067/avr32-gnu-toolchain/bin/../lib/gcc/avr32/4.4.7/../../../../avr32/lib/ucr3fp\libc.a(lib_a-mprec.o)
                                0x108 (size before relaxing)
                0x8000767c                __multiply
 .text.__i2b    0x8000777c       0x10 c:/program files (x86)/atmel/atmel toolchain/avr32 gcc/native/3.4.1067/avr32-gnu-toolchain/bin/../lib/gcc/avr32/4.4.7/../../../../avr32/lib/ucr3fp\libc.a(lib_a-mprec.o)
                                 0x18 (size before relaxing)
                0x8000777c                __i2b
 .text.__multadd
                0x8000778c       0x7c c:/program files (x86)/atmel/atmel toolchain/avr32 gcc/native/3.4.1067/avr32-gnu-toolchain/bin/../lib/gcc/avr32/4.4.7/../../../../avr32/lib/ucr3fp\libc.a(lib_a-mprec.o)
                                 0x88 (size before relaxing)
                0x8000778c                __multadd
 .text.__pow5mult
                0x80007808       0x8c c:/program files (x86)/atmel/atmel toolchain/avr32 gcc/native/3.4.1067/avr32-gnu-toolchain/bin/../lib/gcc/avr32/4.4.7/../../../../avr32/lib/ucr3fp\libc.a(lib_a-mprec.o)
                                 0xac (size before relaxing)
                0x80007808                __pow5mult
 .text._realloc_r
                0x80007894      0x2c0 c:/program files (x86)/atmel/atmel toolchain/avr32 gcc/native/3.4.1067/avr32-gnu-toolchain/bin/../lib/gcc/avr32/4.4.7/../../../../avr32/lib/ucr3fp\libc.a(lib_a-reallocr.o)
                                0x2e0 (size before relaxing)
                0x80007894                _realloc_r
 .text.__isinfd
                0x80007b54       0x2a c:/program files (x86)/atmel/atmel toolchain/avr32 gcc/native/3.4.1067/avr32-gnu-toolchain/bin/../lib/gcc/avr32/4.4.7/../../../../avr32/lib/ucr3fp\libc.a(lib_a-s_isinfd.o)
                0x80007b54                __isinfd
 .text.__isnand
                0x80007b7e       0x1c c:/program files (x86)/atmel/atmel toolchain/avr32 gcc/native/3.4.1067/avr32-gnu-toolchain/bin/../lib/gcc/avr32/4.4.7/../../../../avr32/lib/ucr3fp\libc.a(lib_a-s_isnand.o)
                0x80007b7e                __isnand
 *fill*         0x80007b9a        0x2 d703d703
 .text._sbrk_r  0x80007b9c       0x20 c:/program files (x86)/atmel/atmel toolchain/avr32 gcc/native/3.4.1067/avr32-gnu-toolchain/bin/../lib/gcc/avr32/4.4.7/../../../../avr32/lib/ucr3fp\libc.a(lib_a-sbrkr.o)
                                 0x28 (size before relaxing)
                0x80007b9c                _sbrk_r
 .text.__sclose
                0x80007bbc        0x8 c:/program files (x86)/atmel/atmel toolchain/avr32 gcc/native/3.4.1067/avr32-gnu-toolchain/bin/../lib/gcc/avr32/4.4.7/../../../../avr32/lib/ucr3fp\libc.a(lib_a-stdio.o)
                                 0x10 (size before relaxing)
                0x80007bbc                __sclose
 .text.__sseek  0x80007bc4       0x20 c:/program files (x86)/atmel/atmel toolchain/avr32 gcc/native/3.4.1067/avr32-gnu-toolchain/bin/../lib/gcc/avr32/4.4.7/../../../../avr32/lib/ucr3fp\libc.a(lib_a-stdio.o)
                                 0x28 (size before relaxing)
                0x80007bc4                __sseek
 .text.__swrite
                0x80007be4       0x2c c:/program files (x86)/atmel/atmel toolchain/avr32 gcc/native/3.4.1067/avr32-gnu-toolchain/bin/../lib/gcc/avr32/4.4.7/../../../../avr32/lib/ucr3fp\libc.a(lib_a-stdio.o)
                                 0x38 (size before relaxing)
                0x80007be4                __swrite
 .text.__sread  0x80007c10       0x1c c:/program files (x86)/atmel/atmel toolchain/avr32 gcc/native/3.4.1067/avr32-gnu-toolchain/bin/../lib/gcc/avr32/4.4.7/../../../../avr32/lib/ucr3fp\libc.a(lib_a-stdio.o)
                                 0x24 (size before relaxing)
                0x80007c10                __sread
 .text.strlen   0x80007c2c       0x16 c:/program files (x86)/atmel/atmel toolchain/avr32 gcc/native/3.4.1067/avr32-gnu-toolchain/bin/../lib/gcc/avr32/4.4.7/../../../../avr32/lib/ucr3fp\libc.a(lib_a-strlen.o)
                0x80007c2c                strlen
 *fill*         0x80007c42        0x2 d703d703
 .text._close   0x80007c44       0x14 c:/program files (x86)/atmel/atmel toolchain/avr32 gcc/native/3.4.1067/avr32-gnu-toolchain/bin/../lib/gcc/avr32/4.4.7/../../../../avr32/lib/ucr3fp\libc.a(lib_a-syscalls.o)
                                 0x18 (size before relaxing)
                0x80007c44                _close
 .text._lseek   0x80007c58       0x14 c:/program files (x86)/atmel/atmel toolchain/avr32 gcc/native/3.4.1067/avr32-gnu-toolchain/bin/../lib/gcc/avr32/4.4.7/../../../../avr32/lib/ucr3fp\libc.a(lib_a-syscalls.o)
                                 0x18 (size before relaxing)
                0x80007c58                _lseek
 .text._read    0x80007c6c       0x14 c:/program files (x86)/atmel/atmel toolchain/avr32 gcc/native/3.4.1067/avr32-gnu-toolchain/bin/../lib/gcc/avr32/4.4.7/../../../../avr32/lib/ucr3fp\libc.a(lib_a-syscalls.o)
                                 0x18 (size before relaxing)
                0x80007c6c                _read
 .text._write   0x80007c80       0x14 c:/program files (x86)/atmel/atmel toolchain/avr32 gcc/native/3.4.1067/avr32-gnu-toolchain/bin/../lib/gcc/avr32/4.4.7/../../../../avr32/lib/ucr3fp\libc.a(lib_a-syscalls.o)
                                 0x18 (size before relaxing)
                0x80007c80                _write
 .text.isatty   0x80007c94       0x14 c:/program files (x86)/atmel/atmel toolchain/avr32 gcc/native/3.4.1067/avr32-gnu-toolchain/bin/../lib/gcc/avr32/4.4.7/../../../../avr32/lib/ucr3fp\libc.a(lib_a-syscalls.o)
                                 0x18 (size before relaxing)
                0x80007c94                isatty
 .text._fstat_host
                0x80007ca8       0x14 c:/program files (x86)/atmel/atmel toolchain/avr32 gcc/native/3.4.1067/avr32-gnu-toolchain/bin/../lib/gcc/avr32/4.4.7/../../../../avr32/lib/ucr3fp\libc.a(lib_a-syscalls.o)
                                 0x18 (size before relaxing)
                0x80007ca8                _fstat_host
 .text._fstat   0x80007cbc       0x4c c:/program files (x86)/atmel/atmel toolchain/avr32 gcc/native/3.4.1067/avr32-gnu-toolchain/bin/../lib/gcc/avr32/4.4.7/../../../../avr32/lib/ucr3fp\libc.a(lib_a-syscalls.o)
                                 0x50 (size before relaxing)
                0x80007cbc                _fstat
 .text._sbrk    0x80007d08       0x38 c:/program files (x86)/atmel/atmel toolchain/avr32 gcc/native/3.4.1067/avr32-gnu-toolchain/bin/../lib/gcc/avr32/4.4.7/../../../../avr32/lib/ucr3fp\libc.a(lib_a-syscalls.o)
                                 0x40 (size before relaxing)
                0x80007d08                _sbrk
 .text._write_r
                0x80007d40       0x24 c:/program files (x86)/atmel/atmel toolchain/avr32 gcc/native/3.4.1067/avr32-gnu-toolchain/bin/../lib/gcc/avr32/4.4.7/../../../../avr32/lib/ucr3fp\libc.a(lib_a-writer.o)
                                 0x2c (size before relaxing)
                0x80007d40                _write_r
 .text._calloc_r
                0x80007d64       0x58 c:/program files (x86)/atmel/atmel toolchain/avr32 gcc/native/3.4.1067/avr32-gnu-toolchain/bin/../lib/gcc/avr32/4.4.7/../../../../avr32/lib/ucr3fp\libc.a(lib_a-callocr.o)
                                 0x60 (size before relaxing)
                0x80007d64                _calloc_r
 .text._close_r
                0x80007dbc       0x20 c:/program files (x86)/atmel/atmel toolchain/avr32 gcc/native/3.4.1067/avr32-gnu-toolchain/bin/../lib/gcc/avr32/4.4.7/../../../../avr32/lib/ucr3fp\libc.a(lib_a-closer.o)
                                 0x28 (size before relaxing)
                0x80007dbc                _close_r
 .text.__errno  0x80007ddc        0xc c:/program files (x86)/atmel/atmel toolchain/avr32 gcc/native/3.4.1067/avr32-gnu-toolchain/bin/../lib/gcc/avr32/4.4.7/../../../../avr32/lib/ucr3fp\libc.a(lib_a-errno.o)
                0x80007ddc                __errno
 .text._fclose_r
                0x80007de8       0xb8 c:/program files (x86)/atmel/atmel toolchain/avr32 gcc/native/3.4.1067/avr32-gnu-toolchain/bin/../lib/gcc/avr32/4.4.7/../../../../avr32/lib/ucr3fp\libc.a(lib_a-fclose.o)
                                 0xd0 (size before relaxing)
                0x80007de8                _fclose_r
 .text.fclose   0x80007ea0       0x10 c:/program files (x86)/atmel/atmel toolchain/avr32 gcc/native/3.4.1067/avr32-gnu-toolchain/bin/../lib/gcc/avr32/4.4.7/../../../../avr32/lib/ucr3fp\libc.a(lib_a-fclose.o)
                                 0x18 (size before relaxing)
                0x80007ea0                fclose
 .text._fstat_r
                0x80007eb0       0x24 c:/program files (x86)/atmel/atmel toolchain/avr32 gcc/native/3.4.1067/avr32-gnu-toolchain/bin/../lib/gcc/avr32/4.4.7/../../../../avr32/lib/ucr3fp\libc.a(lib_a-fstatr.o)
                                 0x2c (size before relaxing)
                0x80007eb0                _fstat_r
 .text._lseek_r
                0x80007ed4       0x24 c:/program files (x86)/atmel/atmel toolchain/avr32 gcc/native/3.4.1067/avr32-gnu-toolchain/bin/../lib/gcc/avr32/4.4.7/../../../../avr32/lib/ucr3fp\libc.a(lib_a-lseekr.o)
                                 0x2c (size before relaxing)
                0x80007ed4                _lseek_r
 .text._read_r  0x80007ef8       0x24 c:/program files (x86)/atmel/atmel toolchain/avr32 gcc/native/3.4.1067/avr32-gnu-toolchain/bin/../lib/gcc/avr32/4.4.7/../../../../avr32/lib/ucr3fp\libc.a(lib_a-readr.o)
                                 0x2c (size before relaxing)
                0x80007ef8                _read_r
 .text          0x80007f1c      0x1d4 c:/program files (x86)/atmel/atmel toolchain/avr32 gcc/native/3.4.1067/avr32-gnu-toolchain/bin/../lib/gcc/avr32/4.4.7/ucr3fp\libgcc.a(_avr32_f64_mul.o)
                0x80007f1c                __avr32_f64_mul
 .text          0x800080f0      0x2b0 c:/program files (x86)/atmel/atmel toolchain/avr32 gcc/native/3.4.1067/avr32-gnu-toolchain/bin/../lib/gcc/avr32/4.4.7/ucr3fp\libgcc.a(_avr32_f64_addsub.o)
                0x800080f4                __avr32_f64_sub
                0x80008290                __avr32_f64_add
 .text          0x800083a0       0x2a c:/program files (x86)/atmel/atmel toolchain/avr32 gcc/native/3.4.1067/avr32-gnu-toolchain/bin/../lib/gcc/avr32/4.4.7/ucr3fp\libgcc.a(_avr32_f64_to_s32.o)
                0x800083a0                __avr32_f64_to_u32
                0x800083a4                __avr32_f64_to_s32
 .text          0x800083ca       0xe8 c:/program files (x86)/atmel/atmel toolchain/avr32 gcc/native/3.4.1067/avr32-gnu-toolchain/bin/../lib/gcc/avr32/4.4.7/ucr3fp\libgcc.a(_avr32_s32_to_f64.o)
                0x800083ca                __avr32_u32_to_f64
                0x800083d2                __avr32_s32_to_f64
 .text          0x800084b2       0x26 c:/program files (x86)/atmel/atmel toolchain/avr32 gcc/native/3.4.1067/avr32-gnu-toolchain/bin/../lib/gcc/avr32/4.4.7/ucr3fp\libgcc.a(_avr32_f64_cmp_eq.o)
                0x800084b2                __avr32_f64_cmp_eq
 .text          0x800084d8       0x68 c:/program files (x86)/atmel/atmel toolchain/avr32 gcc/native/3.4.1067/avr32-gnu-toolchain/bin/../lib/gcc/avr32/4.4.7/ucr3fp\libgcc.a(_avr32_f64_cmp_ge.o)
                0x800084d8                __avr32_f64_cmp_ge
 .text          0x80008540       0x68 c:/program files (x86)/atmel/atmel toolchain/avr32 gcc/native/3.4.1067/avr32-gnu-toolchain/bin/../lib/gcc/avr32/4.4.7/ucr3fp\libgcc.a(_avr32_f64_cmp_lt.o)
                0x80008540                __avr32_f64_cmp_lt
 .text          0x800085a8      0x318 c:/program files (x86)/atmel/atmel toolchain/avr32 gcc/native/3.4.1067/avr32-gnu-toolchain/bin/../lib/gcc/avr32/4.4.7/ucr3fp\libgcc.a(_avr32_f64_div.o)
                0x800085a8                __avr32_f64_div
 .text          0x800088c0      0x264 c:/program files (x86)/atmel/atmel toolchain/avr32 gcc/native/3.4.1067/avr32-gnu-toolchain/bin/../lib/gcc/avr32/4.4.7/ucr3fp\libgcc.a(_udivdi3.o)
                0x800088c0                __avr32_udiv64
                0x800088c0                __udivdi3
 .text          0x80008b24      0x20c c:/program files (x86)/atmel/atmel toolchain/avr32 gcc/native/3.4.1067/avr32-gnu-toolchain/bin/../lib/gcc/avr32/4.4.7/ucr3fp\libgcc.a(_umoddi3.o)
                0x80008b24                __avr32_umod64
                0x80008b24                __umoddi3
 *(.text.*personality*)
 *(.gnu.warning)

.exception      0x80008e00      0x200
 .exception     0x80008e00      0x200 src/ASF/avr32/drivers/intc/exception.o
                0x80008e00                _evba
                0x80008f04                _int0
                0x80008f12                _int1
                0x80008f20                _int2
                0x80008f2e                _int3

.fini
 *(.fini)
                0x80009000                PROVIDE (__etext, .)
                0x80009000                PROVIDE (_etext, .)
                0x80009000                PROVIDE (etext, .)

.rodata         0x80009000     0x1fe0
 *(.rodata .rodata.* .gnu.linkonce.r.*)
 .rodata.test_cases
                0x80009000     0x143c src/i2c_tests.o
                0x80009000                test_cases
 .rodata.TWIS_OPTIONS
                0x8000a43c        0xc src/i2c_tests.o
                0x8000a43c                TWIS_OPTIONS
 .rodata.str1.4
                0x8000a448      0x15a src/i2c_tests.o
                                0x15c (size before relaxing)
 *fill*         0x8000a5a2        0x2 
 .rodata.TWIS_FUNCTIONS
                0x8000a5a4        0xc src/i2c_tests.o
                0x8000a5a4                TWIS_FUNCTIONS
 .rodata.TWIM_OPTIONS
                0x8000a5b0       0x10 src/i2c_tests.o
                0x8000a5b0                TWIM_OPTIONS
 .rodata.TERMINAL_UART_OPTIONS
                0x8000a5c0        0xc src/terminal_controller.o
                0x8000a5c0                TERMINAL_UART_OPTIONS
 .rodata.str1.4
                0x8000a5cc      0x224 src/terminal_controller.o
 .rodata.TESTS_EXECUTION_CONTROL
                0x8000a7f0        0xc src/tests_execution_control.o
                0x8000a7f0                TESTS_EXECUTION_CONTROL
 .rodata.str1.4
                0x8000a7fc       0xc7 src/tests_execution_control.o
                                 0xc8 (size before relaxing)
 *fill*         0x8000a8c3        0x1 
 .rodata.gpio_enable_module_pin
                0x8000a8c4       0x20 src/ASF/avr32/drivers/gpio/gpio.o
 .rodata._int_handler_table
                0x8000a8e4      0x178 src/ASF/avr32/drivers/intc/intc.o
 .rodata.str1.4
                0x00000000       0x54 src/tcc_test_controller.o
 .rodata.get_arg
                0x8000aa5c       0x3c c:/program files (x86)/atmel/atmel toolchain/avr32 gcc/native/3.4.1067/avr32-gnu-toolchain/bin/../lib/gcc/avr32/4.4.7/../../../../avr32/lib/ucr3fp\libc.a(lib_a-vfprintf.o)
 .rodata._vfprintf_r
                0x8000aa98      0x164 c:/program files (x86)/atmel/atmel toolchain/avr32 gcc/native/3.4.1067/avr32-gnu-toolchain/bin/../lib/gcc/avr32/4.4.7/../../../../avr32/lib/ucr3fp\libc.a(lib_a-vfprintf.o)
 .rodata.state_table
                0x8000abfc       0x6c c:/program files (x86)/atmel/atmel toolchain/avr32 gcc/native/3.4.1067/avr32-gnu-toolchain/bin/../lib/gcc/avr32/4.4.7/../../../../avr32/lib/ucr3fp\libc.a(lib_a-vfprintf.o)
 .rodata.action_table
                0x8000ac68       0x6c c:/program files (x86)/atmel/atmel toolchain/avr32 gcc/native/3.4.1067/avr32-gnu-toolchain/bin/../lib/gcc/avr32/4.4.7/../../../../avr32/lib/ucr3fp\libc.a(lib_a-vfprintf.o)
 .rodata.str1.4
                0x8000acd4       0x3a c:/program files (x86)/atmel/atmel toolchain/avr32 gcc/native/3.4.1067/avr32-gnu-toolchain/bin/../lib/gcc/avr32/4.4.7/../../../../avr32/lib/ucr3fp\libc.a(lib_a-vfprintf.o)
                                 0x3c (size before relaxing)
 *fill*         0x8000ad0e        0x2 
 .rodata.blanks.3430
                0x8000ad10       0x10 c:/program files (x86)/atmel/atmel toolchain/avr32 gcc/native/3.4.1067/avr32-gnu-toolchain/bin/../lib/gcc/avr32/4.4.7/../../../../avr32/lib/ucr3fp\libc.a(lib_a-vfprintf.o)
 .rodata.zeroes.3431
                0x8000ad20       0x10 c:/program files (x86)/atmel/atmel toolchain/avr32 gcc/native/3.4.1067/avr32-gnu-toolchain/bin/../lib/gcc/avr32/4.4.7/../../../../avr32/lib/ucr3fp\libc.a(lib_a-vfprintf.o)
 .rodata.chclass
                0x8000ad30      0x100 c:/program files (x86)/atmel/atmel toolchain/avr32 gcc/native/3.4.1067/avr32-gnu-toolchain/bin/../lib/gcc/avr32/4.4.7/../../../../avr32/lib/ucr3fp\libc.a(lib_a-vfprintf.o)
 .rodata.str1.4
                0x8000ae30       0x10 c:/program files (x86)/atmel/atmel toolchain/avr32 gcc/native/3.4.1067/avr32-gnu-toolchain/bin/../lib/gcc/avr32/4.4.7/../../../../avr32/lib/ucr3fp\libc.a(lib_a-dtoa.o)
                                 0x14 (size before relaxing)
 .rodata.__sf_fake_stdin
                0x8000ae40       0x20 c:/program files (x86)/atmel/atmel toolchain/avr32 gcc/native/3.4.1067/avr32-gnu-toolchain/bin/../lib/gcc/avr32/4.4.7/../../../../avr32/lib/ucr3fp\libc.a(lib_a-findfp.o)
                0x8000ae40                __sf_fake_stdin
 .rodata.__sf_fake_stdout
                0x8000ae60       0x20 c:/program files (x86)/atmel/atmel toolchain/avr32 gcc/native/3.4.1067/avr32-gnu-toolchain/bin/../lib/gcc/avr32/4.4.7/../../../../avr32/lib/ucr3fp\libc.a(lib_a-findfp.o)
                0x8000ae60                __sf_fake_stdout
 .rodata.__sf_fake_stderr
                0x8000ae80       0x20 c:/program files (x86)/atmel/atmel toolchain/avr32 gcc/native/3.4.1067/avr32-gnu-toolchain/bin/../lib/gcc/avr32/4.4.7/../../../../avr32/lib/ucr3fp\libc.a(lib_a-findfp.o)
                0x8000ae80                __sf_fake_stderr
 .rodata.str1.4
                0x8000aea0        0x2 c:/program files (x86)/atmel/atmel toolchain/avr32 gcc/native/3.4.1067/avr32-gnu-toolchain/bin/../lib/gcc/avr32/4.4.7/../../../../avr32/lib/ucr3fp\libc.a(lib_a-impure.o)
                                  0x4 (size before relaxing)
 *fill*         0x8000aea2        0x2 
 .rodata._global_impure_ptr
                0x8000aea4        0x4 c:/program files (x86)/atmel/atmel toolchain/avr32 gcc/native/3.4.1067/avr32-gnu-toolchain/bin/../lib/gcc/avr32/4.4.7/../../../../avr32/lib/ucr3fp\libc.a(lib_a-impure.o)
                0x8000aea4                _global_impure_ptr
 .rodata.lconv  0x8000aea8       0x30 c:/program files (x86)/atmel/atmel toolchain/avr32 gcc/native/3.4.1067/avr32-gnu-toolchain/bin/../lib/gcc/avr32/4.4.7/../../../../avr32/lib/ucr3fp\libc.a(lib_a-locale.o)
 .rodata.str1.4
                0x8000aed8        0xc c:/program files (x86)/atmel/atmel toolchain/avr32 gcc/native/3.4.1067/avr32-gnu-toolchain/bin/../lib/gcc/avr32/4.4.7/../../../../avr32/lib/ucr3fp\libc.a(lib_a-locale.o)
                                 0x18 (size before relaxing)
 .rodata.p05.2471
                0x8000aee4        0xc c:/program files (x86)/atmel/atmel toolchain/avr32 gcc/native/3.4.1067/avr32-gnu-toolchain/bin/../lib/gcc/avr32/4.4.7/../../../../avr32/lib/ucr3fp\libc.a(lib_a-mprec.o)
 .rodata.__mprec_tens
                0x8000aef0       0xc8 c:/program files (x86)/atmel/atmel toolchain/avr32 gcc/native/3.4.1067/avr32-gnu-toolchain/bin/../lib/gcc/avr32/4.4.7/../../../../avr32/lib/ucr3fp\libc.a(lib_a-mprec.o)
                0x8000aef0                __mprec_tens
 .rodata.__mprec_bigtens
                0x8000afb8       0x28 c:/program files (x86)/atmel/atmel toolchain/avr32 gcc/native/3.4.1067/avr32-gnu-toolchain/bin/../lib/gcc/avr32/4.4.7/../../../../avr32/lib/ucr3fp\libc.a(lib_a-mprec.o)
                0x8000afb8                __mprec_bigtens

.rodata1
 *(.rodata1)

.eh_frame_hdr
 *(.eh_frame_hdr)

.eh_frame
 *(.eh_frame)

.gcc_except_table
 *(.gcc_except_table)
 *(.gcc_except_table.*)

.lalign         0x8000afe0        0x0
                0x8000afe0                . = ALIGN (0x8)
                0x8000afe0                PROVIDE (_data_lma, .)
                0x00000004                . = ORIGIN (INTRAM)

.dalign         0x00000004        0x4
                0x00000008                . = ALIGN (0x8)
 *fill*         0x00000004        0x4 
                0x00000008                PROVIDE (_data, .)

.eh_frame
 *(.eh_frame)

.gcc_except_table
 *(.gcc_except_table)
 *(.gcc_except_table.*)

.tdata
 *(.tdata .tdata.* .gnu.linkonce.td.*)

.tbss
 *(.tbss .tbss.* .gnu.linkonce.tb.*)
 *(.tcommon)
                0x00000008                PROVIDE (__preinit_array_start, ALIGN (0x4))

.preinit_array
 *(.preinit_array)
                0x00000008                PROVIDE (__preinit_array_end, .)
                0x00000008                PROVIDE (__init_array_start, .)

.init_array
 *(.init_array)
                0x00000008                PROVIDE (__init_array_end, .)
                0x00000008                PROVIDE (__fini_array_start, .)

.fini_array
 *(.fini_array)
                0x00000008                PROVIDE (__fini_array_end, .)

.ctors
 *crtbegin*.o(.ctors)
 *(EXCLUDE_FILE(*crtend*.o) .ctors)
 *(SORT(.ctors.*))
 *(.ctors)

.dtors
 *crtbegin*.o(.dtors)
 *(EXCLUDE_FILE(*crtend*.o) .dtors)
 *(SORT(.dtors.*))
 *(.dtors)

.jcr
 *(.jcr)

.data.rel.ro
 *(.data.rel.ro.local)
 *(.data.rel.ro*)

.dynamic
 *(.dynamic)

.got
 *(.got.plt)
 *(.got)

.ramtext
 *(.ramtext .ramtext.*)

.ddalign        0x00000008        0x0 load address 0x8000afe0
                0x00000008                . = ALIGN (0x8)

.data           0x00000008      0x504 load address 0x8000afe0
 *(.data .data.* .gnu.linkonce.d.*)
 .data.impure_data
                0x00000008       0xf0 c:/program files (x86)/atmel/atmel toolchain/avr32 gcc/native/3.4.1067/avr32-gnu-toolchain/bin/../lib/gcc/avr32/4.4.7/../../../../avr32/lib/ucr3fp\libc.a(lib_a-impure.o)
 .data._impure_ptr
                0x000000f8        0x4 c:/program files (x86)/atmel/atmel toolchain/avr32 gcc/native/3.4.1067/avr32-gnu-toolchain/bin/../lib/gcc/avr32/4.4.7/../../../../avr32/lib/ucr3fp\libc.a(lib_a-impure.o)
                0x000000f8                _impure_ptr
 .data.__malloc_av_
                0x000000fc      0x408 c:/program files (x86)/atmel/atmel toolchain/avr32 gcc/native/3.4.1067/avr32-gnu-toolchain/bin/../lib/gcc/avr32/4.4.7/../../../../avr32/lib/ucr3fp\libc.a(lib_a-mallocr.o)
                0x000000fc                __malloc_av_
 .data.__malloc_trim_threshold
                0x00000504        0x4 c:/program files (x86)/atmel/atmel toolchain/avr32 gcc/native/3.4.1067/avr32-gnu-toolchain/bin/../lib/gcc/avr32/4.4.7/../../../../avr32/lib/ucr3fp\libc.a(lib_a-mallocr.o)
                0x00000504                __malloc_trim_threshold
 .data.__malloc_sbrk_base
                0x00000508        0x4 c:/program files (x86)/atmel/atmel toolchain/avr32 gcc/native/3.4.1067/avr32-gnu-toolchain/bin/../lib/gcc/avr32/4.4.7/../../../../avr32/lib/ucr3fp\libc.a(lib_a-mallocr.o)
                0x00000508                __malloc_sbrk_base
 *(.gnu.linkonce.d.*personality*)

.data1
 *(.data1)

.balign         0x0000050c        0x4 load address 0x8000b4e4
                0x00000510                . = ALIGN (0x8)
 *fill*         0x0000050c        0x4 
                0x00000510                PROVIDE (_edata, .)
                0x00000510                PROVIDE (edata, .)
                0x00000510                __bss_start = .

.bss            0x00000510      0x358
 *(.dynbss)
 *(.bss .bss.* .gnu.linkonce.b.*)
 .bss.twim_inst
                0x00000510        0x4 src/ASF/avr32/drivers/twim/twim.o
 .bss.twim_rx_data
                0x00000514        0x4 src/ASF/avr32/drivers/twim/twim.o
 .bss.twim_rx_nb_bytes
                0x00000518        0x4 src/ASF/avr32/drivers/twim/twim.o
 .bss.transfer_status
                0x0000051c        0x4 src/ASF/avr32/drivers/twim/twim.o
 .bss.twim_tx_data
                0x00000520        0x4 src/ASF/avr32/drivers/twim/twim.o
 .bss.twim_it_mask
                0x00000524        0x4 src/ASF/avr32/drivers/twim/twim.o
 .bss.twim_next
                0x00000528        0x1 src/ASF/avr32/drivers/twim/twim.o
 *fill*         0x00000529        0x3 
 .bss.twim_package
                0x0000052c        0x4 src/ASF/avr32/drivers/twim/twim.o
 .bss.twim_tx_nb_bytes
                0x00000530        0x4 src/ASF/avr32/drivers/twim/twim.o
 .bss.twis_slave_fct
                0x00000534        0xc src/ASF/avr32/drivers/twis/twis.o
 .bss.twis_inst_slave
                0x00000540        0x4 src/ASF/avr32/drivers/twis/twis.o
 .bss.sentBytesCount
                0x00000544        0x1 src/i2c_tests.o
                0x00000544                sentBytesCount
 .bss.receivedBytesCount
                0x00000545        0x1 src/i2c_tests.o
                0x00000545                receivedBytesCount
 .bss.transmissionEnded
                0x00000546        0x1 src/i2c_tests.o
 .bss.runningMrxTest
                0x00000547        0x1 src/i2c_tests.o
                0x00000547                runningMrxTest
 .bss.command_buffer
                0x00000548       0x14 src/terminal_controller.o
 .bss.free_index
                0x0000055c        0x4 src/terminal_controller.o
 .bss._int_line_handler_table_0
                0x00000560        0x4 src/ASF/avr32/drivers/intc/intc.o
 .bss._int_line_handler_table_1
                0x00000564        0x8 src/ASF/avr32/drivers/intc/intc.o
 .bss._int_line_handler_table_2
                0x0000056c        0x4 src/ASF/avr32/drivers/intc/intc.o
 .bss._int_line_handler_table_3
                0x00000570       0x10 src/ASF/avr32/drivers/intc/intc.o
 .bss._int_line_handler_table_4
                0x00000580       0x10 src/ASF/avr32/drivers/intc/intc.o
 .bss._int_line_handler_table_5
                0x00000590       0x10 src/ASF/avr32/drivers/intc/intc.o
 .bss._int_line_handler_table_6
                0x000005a0       0x10 src/ASF/avr32/drivers/intc/intc.o
 .bss._int_line_handler_table_7
                0x000005b0        0x4 src/ASF/avr32/drivers/intc/intc.o
 .bss._int_line_handler_table_8
                0x000005b4        0x4 src/ASF/avr32/drivers/intc/intc.o
 .bss._int_line_handler_table_9
                0x000005b8       0x28 src/ASF/avr32/drivers/intc/intc.o
 .bss._int_line_handler_table_10
                0x000005e0        0x4 src/ASF/avr32/drivers/intc/intc.o
 .bss._int_line_handler_table_11
                0x000005e4        0x4 src/ASF/avr32/drivers/intc/intc.o
 .bss._int_line_handler_table_12
                0x000005e8        0x4 src/ASF/avr32/drivers/intc/intc.o
 .bss._int_line_handler_table_13
                0x000005ec        0x4 src/ASF/avr32/drivers/intc/intc.o
 .bss._int_line_handler_table_14
                0x000005f0       0x14 src/ASF/avr32/drivers/intc/intc.o
 .bss._int_line_handler_table_15
                0x00000604       0x10 src/ASF/avr32/drivers/intc/intc.o
 .bss._int_line_handler_table_16
                0x00000614       0x10 src/ASF/avr32/drivers/intc/intc.o
 .bss._int_line_handler_table_17
                0x00000624        0x4 src/ASF/avr32/drivers/intc/intc.o
 .bss._int_line_handler_table_18
                0x00000628       0x40 src/ASF/avr32/drivers/intc/intc.o
 .bss._int_line_handler_table_19
                0x00000668        0x4 src/ASF/avr32/drivers/intc/intc.o
 .bss._int_line_handler_table_33
                0x0000066c        0xc src/ASF/avr32/drivers/intc/intc.o
 .bss._int_line_handler_table_34
                0x00000678        0xc src/ASF/avr32/drivers/intc/intc.o
 .bss._int_line_handler_table_35
                0x00000684        0x8 src/ASF/avr32/drivers/intc/intc.o
 .bss._int_line_handler_table_36
                0x0000068c       0x18 src/ASF/avr32/drivers/intc/intc.o
 .bss._int_line_handler_table_37
                0x000006a4        0x4 src/ASF/avr32/drivers/intc/intc.o
 .bss._int_line_handler_table_38
                0x000006a8        0x4 src/ASF/avr32/drivers/intc/intc.o
 .bss._int_line_handler_table_39
                0x000006ac       0x18 src/ASF/avr32/drivers/intc/intc.o
 .bss._int_line_handler_table_40
                0x000006c4       0x18 src/ASF/avr32/drivers/intc/intc.o
 .bss._int_line_handler_table_29
                0x000006dc        0x4 src/ASF/avr32/drivers/intc/intc.o
 .bss._int_line_handler_table_30
                0x000006e0        0x4 src/ASF/avr32/drivers/intc/intc.o
 .bss._int_line_handler_table_31
                0x000006e4        0x4 src/ASF/avr32/drivers/intc/intc.o
 .bss._int_line_handler_table_41
                0x000006e8        0x4 src/ASF/avr32/drivers/intc/intc.o
 .bss._int_line_handler_table_32
                0x000006ec        0x4 src/ASF/avr32/drivers/intc/intc.o
 .bss._int_line_handler_table_45
                0x000006f0        0x4 src/ASF/avr32/drivers/intc/intc.o
 .bss._int_line_handler_table_20
                0x000006f4        0x4 src/ASF/avr32/drivers/intc/intc.o
 .bss._int_line_handler_table_21
                0x000006f8        0x4 src/ASF/avr32/drivers/intc/intc.o
 .bss._int_line_handler_table_22
                0x000006fc        0x4 src/ASF/avr32/drivers/intc/intc.o
 .bss._int_line_handler_table_23
                0x00000700        0x4 src/ASF/avr32/drivers/intc/intc.o
 .bss._int_line_handler_table_24
                0x00000704        0x4 src/ASF/avr32/drivers/intc/intc.o
 .bss._int_line_handler_table_25
                0x00000708        0x4 src/ASF/avr32/drivers/intc/intc.o
 .bss._int_line_handler_table_26
                0x0000070c        0x4 src/ASF/avr32/drivers/intc/intc.o
 .bss._int_line_handler_table_27
                0x00000710        0x4 src/ASF/avr32/drivers/intc/intc.o
 .bss._int_line_handler_table_28
                0x00000714        0x4 src/ASF/avr32/drivers/intc/intc.o
 .bss._int_line_handler_table_42
                0x00000718        0x4 src/ASF/avr32/drivers/intc/intc.o
 .bss._int_line_handler_table_43
                0x0000071c        0x4 src/ASF/avr32/drivers/intc/intc.o
 .bss._int_line_handler_table_44
                0x00000720        0x4 src/ASF/avr32/drivers/intc/intc.o
 .bss._int_line_handler_table_46
                0x00000724        0x4 src/ASF/avr32/drivers/intc/intc.o
 .bss.__malloc_max_total_mem
                0x00000728        0x4 c:/program files (x86)/atmel/atmel toolchain/avr32 gcc/native/3.4.1067/avr32-gnu-toolchain/bin/../lib/gcc/avr32/4.4.7/../../../../avr32/lib/ucr3fp\libc.a(lib_a-mallocr.o)
                0x00000728                __malloc_max_total_mem
 .bss.__malloc_max_sbrked_mem
                0x0000072c        0x4 c:/program files (x86)/atmel/atmel toolchain/avr32 gcc/native/3.4.1067/avr32-gnu-toolchain/bin/../lib/gcc/avr32/4.4.7/../../../../avr32/lib/ucr3fp\libc.a(lib_a-mallocr.o)
                0x0000072c                __malloc_max_sbrked_mem
 .bss.__malloc_top_pad
                0x00000730        0x4 c:/program files (x86)/atmel/atmel toolchain/avr32 gcc/native/3.4.1067/avr32-gnu-toolchain/bin/../lib/gcc/avr32/4.4.7/../../../../avr32/lib/ucr3fp\libc.a(lib_a-mallocr.o)
                0x00000730                __malloc_top_pad
 .bss.__malloc_current_mallinfo
                0x00000734       0x28 c:/program files (x86)/atmel/atmel toolchain/avr32 gcc/native/3.4.1067/avr32-gnu-toolchain/bin/../lib/gcc/avr32/4.4.7/../../../../avr32/lib/ucr3fp\libc.a(lib_a-mallocr.o)
                0x00000734                __malloc_current_mallinfo
 .bss.cur_heap_pos.1869
                0x0000075c        0x4 c:/program files (x86)/atmel/atmel toolchain/avr32 gcc/native/3.4.1067/avr32-gnu-toolchain/bin/../lib/gcc/avr32/4.4.7/../../../../avr32/lib/ucr3fp\libc.a(lib_a-syscalls.o)
 *(COMMON)
 COMMON         0x00000760       0xff src/i2c_tests.o
                0x00000760                i2cBytesBuffer
 *fill*         0x0000085f        0x1 
 COMMON         0x00000860        0x4 c:/program files (x86)/atmel/atmel toolchain/avr32 gcc/native/3.4.1067/avr32-gnu-toolchain/bin/../lib/gcc/avr32/4.4.7/../../../../avr32/lib/ucr3fp\libc.a(lib_a-reent.o)
                0x00000860                errno
                0x00000868                . = ALIGN (0x8)
 *fill*         0x00000864        0x4 
                0x00000868                . = ALIGN (0x8)
                0x00000868                _end = .
                0x00000868                PROVIDE (end, .)
                0x00000868                __heap_start__ = ALIGN (0x8)

.heap           0x00000868     0xe798
 *(.heap)
                0x0000e798                . = (__heap_size__ == __max_heap_size__)?(((ORIGIN (INTRAM) + 0xfffc) - __stack_size__) - ABSOLUTE (.)):__heap_size__
 *fill*         0x00000868     0xe798 
                0x0000f000                __heap_end__ = .

.stab
 *(.stab)

.stabstr
 *(.stabstr)

.stab.excl
 *(.stab.excl)

.stab.exclstr
 *(.stab.exclstr)

.stab.index
 *(.stab.index)

.stab.indexstr
 *(.stab.indexstr)

.comment        0x00000000       0x30
 *(.comment)
 .comment       0x00000000       0x30 src/ASF/avr32/drivers/twim/twim.o
                                 0x31 (size before relaxing)
 .comment       0x00000000       0x31 src/ASF/avr32/drivers/twis/twis.o
 .comment       0x00000000       0x31 src/i2c_tests.o
 .comment       0x00000000       0x31 src/terminal_controller.o
 .comment       0x00000000       0x31 src/tests_execution_control.o
 .comment       0x00000000       0x31 src/ASF/avr32/drivers/flashc/flashc.o
 .comment       0x00000000       0x31 src/ASF/avr32/drivers/gpio/gpio.o
 .comment       0x00000000       0x31 src/ASF/avr32/drivers/intc/intc.o
 .comment       0x00000000       0x31 src/ASF/avr32/drivers/usart/usart.o
 .comment       0x00000000       0x31 src/ASF/common/services/clock/uc3c/osc.o
 .comment       0x00000000       0x31 src/ASF/common/services/clock/uc3c/sysclk.o
 .comment       0x00000000       0x31 src/tcc_test_controller.o
 .comment       0x00000000       0x31 c:/program files (x86)/atmel/atmel toolchain/avr32 gcc/native/3.4.1067/avr32-gnu-toolchain/bin/../lib/gcc/avr32/4.4.7/../../../../avr32/lib/ucr3fp\libc.a(lib_a-sprintf.o)
 .comment       0x00000000       0x31 c:/program files (x86)/atmel/atmel toolchain/avr32 gcc/native/3.4.1067/avr32-gnu-toolchain/bin/../lib/gcc/avr32/4.4.7/../../../../avr32/lib/ucr3fp\libc.a(lib_a-vfprintf.o)
 .comment       0x00000000       0x31 c:/program files (x86)/atmel/atmel toolchain/avr32 gcc/native/3.4.1067/avr32-gnu-toolchain/bin/../lib/gcc/avr32/4.4.7/../../../../avr32/lib/ucr3fp\libc.a(lib_a-wsetup.o)
 .comment       0x00000000       0x31 c:/program files (x86)/atmel/atmel toolchain/avr32 gcc/native/3.4.1067/avr32-gnu-toolchain/bin/../lib/gcc/avr32/4.4.7/../../../../avr32/lib/ucr3fp\libc.a(lib_a-dtoa.o)
 .comment       0x00000000       0x31 c:/program files (x86)/atmel/atmel toolchain/avr32 gcc/native/3.4.1067/avr32-gnu-toolchain/bin/../lib/gcc/avr32/4.4.7/../../../../avr32/lib/ucr3fp\libc.a(lib_a-fflush.o)
 .comment       0x00000000       0x31 c:/program files (x86)/atmel/atmel toolchain/avr32 gcc/native/3.4.1067/avr32-gnu-toolchain/bin/../lib/gcc/avr32/4.4.7/../../../../avr32/lib/ucr3fp\libc.a(lib_a-findfp.o)
 .comment       0x00000000       0x31 c:/program files (x86)/atmel/atmel toolchain/avr32 gcc/native/3.4.1067/avr32-gnu-toolchain/bin/../lib/gcc/avr32/4.4.7/../../../../avr32/lib/ucr3fp\libc.a(lib_a-freer.o)
 .comment       0x00000000       0x31 c:/program files (x86)/atmel/atmel toolchain/avr32 gcc/native/3.4.1067/avr32-gnu-toolchain/bin/../lib/gcc/avr32/4.4.7/../../../../avr32/lib/ucr3fp\libc.a(lib_a-fvwrite.o)
 .comment       0x00000000       0x31 c:/program files (x86)/atmel/atmel toolchain/avr32 gcc/native/3.4.1067/avr32-gnu-toolchain/bin/../lib/gcc/avr32/4.4.7/../../../../avr32/lib/ucr3fp\libc.a(lib_a-fwalk.o)
 .comment       0x00000000       0x31 c:/program files (x86)/atmel/atmel toolchain/avr32 gcc/native/3.4.1067/avr32-gnu-toolchain/bin/../lib/gcc/avr32/4.4.7/../../../../avr32/lib/ucr3fp\libc.a(lib_a-impure.o)
 .comment       0x00000000       0x31 c:/program files (x86)/atmel/atmel toolchain/avr32 gcc/native/3.4.1067/avr32-gnu-toolchain/bin/../lib/gcc/avr32/4.4.7/../../../../avr32/lib/ucr3fp\libc.a(lib_a-locale.o)
 .comment       0x00000000       0x31 c:/program files (x86)/atmel/atmel toolchain/avr32 gcc/native/3.4.1067/avr32-gnu-toolchain/bin/../lib/gcc/avr32/4.4.7/../../../../avr32/lib/ucr3fp\libc.a(lib_a-makebuf.o)
 .comment       0x00000000       0x31 c:/program files (x86)/atmel/atmel toolchain/avr32 gcc/native/3.4.1067/avr32-gnu-toolchain/bin/../lib/gcc/avr32/4.4.7/../../../../avr32/lib/ucr3fp\libc.a(lib_a-malloc.o)
 .comment       0x00000000       0x31 c:/program files (x86)/atmel/atmel toolchain/avr32 gcc/native/3.4.1067/avr32-gnu-toolchain/bin/../lib/gcc/avr32/4.4.7/../../../../avr32/lib/ucr3fp\libc.a(lib_a-mallocr.o)
 .comment       0x00000000       0x31 c:/program files (x86)/atmel/atmel toolchain/avr32 gcc/native/3.4.1067/avr32-gnu-toolchain/bin/../lib/gcc/avr32/4.4.7/../../../../avr32/lib/ucr3fp\libc.a(lib_a-memchr.o)
 .comment       0x00000000       0x31 c:/program files (x86)/atmel/atmel toolchain/avr32 gcc/native/3.4.1067/avr32-gnu-toolchain/bin/../lib/gcc/avr32/4.4.7/../../../../avr32/lib/ucr3fp\libc.a(lib_a-memmove.o)
 .comment       0x00000000       0x31 c:/program files (x86)/atmel/atmel toolchain/avr32 gcc/native/3.4.1067/avr32-gnu-toolchain/bin/../lib/gcc/avr32/4.4.7/../../../../avr32/lib/ucr3fp\libc.a(lib_a-memset.o)
 .comment       0x00000000       0x31 c:/program files (x86)/atmel/atmel toolchain/avr32 gcc/native/3.4.1067/avr32-gnu-toolchain/bin/../lib/gcc/avr32/4.4.7/../../../../avr32/lib/ucr3fp\libc.a(lib_a-mlock.o)
 .comment       0x00000000       0x31 c:/program files (x86)/atmel/atmel toolchain/avr32 gcc/native/3.4.1067/avr32-gnu-toolchain/bin/../lib/gcc/avr32/4.4.7/../../../../avr32/lib/ucr3fp\libc.a(lib_a-mprec.o)
 .comment       0x00000000       0x31 c:/program files (x86)/atmel/atmel toolchain/avr32 gcc/native/3.4.1067/avr32-gnu-toolchain/bin/../lib/gcc/avr32/4.4.7/../../../../avr32/lib/ucr3fp\libc.a(lib_a-reallocr.o)
 .comment       0x00000000       0x31 c:/program files (x86)/atmel/atmel toolchain/avr32 gcc/native/3.4.1067/avr32-gnu-toolchain/bin/../lib/gcc/avr32/4.4.7/../../../../avr32/lib/ucr3fp\libc.a(lib_a-s_isinfd.o)
 .comment       0x00000000       0x31 c:/program files (x86)/atmel/atmel toolchain/avr32 gcc/native/3.4.1067/avr32-gnu-toolchain/bin/../lib/gcc/avr32/4.4.7/../../../../avr32/lib/ucr3fp\libc.a(lib_a-s_isnand.o)
 .comment       0x00000000       0x31 c:/program files (x86)/atmel/atmel toolchain/avr32 gcc/native/3.4.1067/avr32-gnu-toolchain/bin/../lib/gcc/avr32/4.4.7/../../../../avr32/lib/ucr3fp\libc.a(lib_a-sbrkr.o)
 .comment       0x00000000       0x31 c:/program files (x86)/atmel/atmel toolchain/avr32 gcc/native/3.4.1067/avr32-gnu-toolchain/bin/../lib/gcc/avr32/4.4.7/../../../../avr32/lib/ucr3fp\libc.a(lib_a-stdio.o)
 .comment       0x00000000       0x31 c:/program files (x86)/atmel/atmel toolchain/avr32 gcc/native/3.4.1067/avr32-gnu-toolchain/bin/../lib/gcc/avr32/4.4.7/../../../../avr32/lib/ucr3fp\libc.a(lib_a-strlen.o)
 .comment       0x00000000       0x31 c:/program files (x86)/atmel/atmel toolchain/avr32 gcc/native/3.4.1067/avr32-gnu-toolchain/bin/../lib/gcc/avr32/4.4.7/../../../../avr32/lib/ucr3fp\libc.a(lib_a-syscalls.o)
 .comment       0x00000000       0x31 c:/program files (x86)/atmel/atmel toolchain/avr32 gcc/native/3.4.1067/avr32-gnu-toolchain/bin/../lib/gcc/avr32/4.4.7/../../../../avr32/lib/ucr3fp\libc.a(lib_a-writer.o)
 .comment       0x00000000       0x31 c:/program files (x86)/atmel/atmel toolchain/avr32 gcc/native/3.4.1067/avr32-gnu-toolchain/bin/../lib/gcc/avr32/4.4.7/../../../../avr32/lib/ucr3fp\libc.a(lib_a-callocr.o)
 .comment       0x00000000       0x31 c:/program files (x86)/atmel/atmel toolchain/avr32 gcc/native/3.4.1067/avr32-gnu-toolchain/bin/../lib/gcc/avr32/4.4.7/../../../../avr32/lib/ucr3fp\libc.a(lib_a-closer.o)
 .comment       0x00000000       0x31 c:/program files (x86)/atmel/atmel toolchain/avr32 gcc/native/3.4.1067/avr32-gnu-toolchain/bin/../lib/gcc/avr32/4.4.7/../../../../avr32/lib/ucr3fp\libc.a(lib_a-errno.o)
 .comment       0x00000000       0x31 c:/program files (x86)/atmel/atmel toolchain/avr32 gcc/native/3.4.1067/avr32-gnu-toolchain/bin/../lib/gcc/avr32/4.4.7/../../../../avr32/lib/ucr3fp\libc.a(lib_a-fclose.o)
 .comment       0x00000000       0x31 c:/program files (x86)/atmel/atmel toolchain/avr32 gcc/native/3.4.1067/avr32-gnu-toolchain/bin/../lib/gcc/avr32/4.4.7/../../../../avr32/lib/ucr3fp\libc.a(lib_a-fstatr.o)
 .comment       0x00000000       0x31 c:/program files (x86)/atmel/atmel toolchain/avr32 gcc/native/3.4.1067/avr32-gnu-toolchain/bin/../lib/gcc/avr32/4.4.7/../../../../avr32/lib/ucr3fp\libc.a(lib_a-lseekr.o)
 .comment       0x00000000       0x31 c:/program files (x86)/atmel/atmel toolchain/avr32 gcc/native/3.4.1067/avr32-gnu-toolchain/bin/../lib/gcc/avr32/4.4.7/../../../../avr32/lib/ucr3fp\libc.a(lib_a-readr.o)
 .comment       0x00000000       0x31 c:/program files (x86)/atmel/atmel toolchain/avr32 gcc/native/3.4.1067/avr32-gnu-toolchain/bin/../lib/gcc/avr32/4.4.7/../../../../avr32/lib/ucr3fp\libc.a(lib_a-reent.o)
 .comment       0x00000000       0x31 c:/program files (x86)/atmel/atmel toolchain/avr32 gcc/native/3.4.1067/avr32-gnu-toolchain/bin/../lib/gcc/avr32/4.4.7/ucr3fp\libgcc.a(_udivdi3.o)
 .comment       0x00000000       0x31 c:/program files (x86)/atmel/atmel toolchain/avr32 gcc/native/3.4.1067/avr32-gnu-toolchain/bin/../lib/gcc/avr32/4.4.7/ucr3fp\libgcc.a(_umoddi3.o)

.debug
 *(.debug)

.line
 *(.line)

.debug_srcinfo
 *(.debug_srcinfo)

.debug_sfnames
 *(.debug_sfnames)

.debug_aranges  0x00000000      0xdf0
 *(.debug_aranges)
 .debug_aranges
                0x00000000       0x70 src/ASF/avr32/drivers/twim/twim.o
 .debug_aranges
                0x00000070       0x38 src/ASF/avr32/drivers/twis/twis.o
 .debug_aranges
                0x000000a8       0x58 src/i2c_tests.o
 .debug_aranges
                0x00000100       0x30 src/terminal_controller.o
 .debug_aranges
                0x00000130       0x40 src/tests_execution_control.o
 .debug_aranges
                0x00000170      0x220 src/ASF/avr32/drivers/flashc/flashc.o
 .debug_aranges
                0x00000390      0x120 src/ASF/avr32/drivers/gpio/gpio.o
 .debug_aranges
                0x000004b0       0x20 src/ASF/avr32/drivers/intc/exception.o
 .debug_aranges
                0x000004d0       0x38 src/ASF/avr32/drivers/intc/intc.o
 .debug_aranges
                0x00000508       0xe8 src/ASF/avr32/drivers/usart/usart.o
 .debug_aranges
                0x000005f0       0x28 src/ASF/avr32/utils/startup/startup_uc3.o
 .debug_aranges
                0x00000618       0x20 src/ASF/avr32/utils/startup/trampoline_uc3.o
 .debug_aranges
                0x00000638       0x58 src/ASF/common/services/clock/uc3c/osc.o
 .debug_aranges
                0x00000690       0x50 src/ASF/common/services/clock/uc3c/sysclk.o
 .debug_aranges
                0x000006e0       0x28 src/tcc_test_controller.o
 .debug_aranges
                0x00000708       0x28 c:/program files (x86)/atmel/atmel toolchain/avr32 gcc/native/3.4.1067/avr32-gnu-toolchain/bin/../lib/gcc/avr32/4.4.7/../../../../avr32/lib/ucr3fp\libc.a(lib_a-sprintf.o)
 .debug_aranges
                0x00000730       0x38 c:/program files (x86)/atmel/atmel toolchain/avr32 gcc/native/3.4.1067/avr32-gnu-toolchain/bin/../lib/gcc/avr32/4.4.7/../../../../avr32/lib/ucr3fp\libc.a(lib_a-vfprintf.o)
 .debug_aranges
                0x00000768       0x20 c:/program files (x86)/atmel/atmel toolchain/avr32 gcc/native/3.4.1067/avr32-gnu-toolchain/bin/../lib/gcc/avr32/4.4.7/../../../../avr32/lib/ucr3fp\libc.a(lib_a-wsetup.o)
 .debug_aranges
                0x00000788       0x28 c:/program files (x86)/atmel/atmel toolchain/avr32 gcc/native/3.4.1067/avr32-gnu-toolchain/bin/../lib/gcc/avr32/4.4.7/../../../../avr32/lib/ucr3fp\libc.a(lib_a-dtoa.o)
 .debug_aranges
                0x000007b0       0x28 c:/program files (x86)/atmel/atmel toolchain/avr32 gcc/native/3.4.1067/avr32-gnu-toolchain/bin/../lib/gcc/avr32/4.4.7/../../../../avr32/lib/ucr3fp\libc.a(lib_a-fflush.o)
 .debug_aranges
                0x000007d8       0x80 c:/program files (x86)/atmel/atmel toolchain/avr32 gcc/native/3.4.1067/avr32-gnu-toolchain/bin/../lib/gcc/avr32/4.4.7/../../../../avr32/lib/ucr3fp\libc.a(lib_a-findfp.o)
 .debug_aranges
                0x00000858       0x28 c:/program files (x86)/atmel/atmel toolchain/avr32 gcc/native/3.4.1067/avr32-gnu-toolchain/bin/../lib/gcc/avr32/4.4.7/../../../../avr32/lib/ucr3fp\libc.a(lib_a-freer.o)
 .debug_aranges
                0x00000880       0x20 c:/program files (x86)/atmel/atmel toolchain/avr32 gcc/native/3.4.1067/avr32-gnu-toolchain/bin/../lib/gcc/avr32/4.4.7/../../../../avr32/lib/ucr3fp\libc.a(lib_a-fvwrite.o)
 .debug_aranges
                0x000008a0       0x28 c:/program files (x86)/atmel/atmel toolchain/avr32 gcc/native/3.4.1067/avr32-gnu-toolchain/bin/../lib/gcc/avr32/4.4.7/../../../../avr32/lib/ucr3fp\libc.a(lib_a-fwalk.o)
 .debug_aranges
                0x000008c8       0x40 c:/program files (x86)/atmel/atmel toolchain/avr32 gcc/native/3.4.1067/avr32-gnu-toolchain/bin/../lib/gcc/avr32/4.4.7/../../../../avr32/lib/ucr3fp\libc.a(lib_a-locale.o)
 .debug_aranges
                0x00000908       0x20 c:/program files (x86)/atmel/atmel toolchain/avr32 gcc/native/3.4.1067/avr32-gnu-toolchain/bin/../lib/gcc/avr32/4.4.7/../../../../avr32/lib/ucr3fp\libc.a(lib_a-makebuf.o)
 .debug_aranges
                0x00000928       0x28 c:/program files (x86)/atmel/atmel toolchain/avr32 gcc/native/3.4.1067/avr32-gnu-toolchain/bin/../lib/gcc/avr32/4.4.7/../../../../avr32/lib/ucr3fp\libc.a(lib_a-malloc.o)
 .debug_aranges
                0x00000950       0x20 c:/program files (x86)/atmel/atmel toolchain/avr32 gcc/native/3.4.1067/avr32-gnu-toolchain/bin/../lib/gcc/avr32/4.4.7/../../../../avr32/lib/ucr3fp\libc.a(lib_a-mallocr.o)
 .debug_aranges
                0x00000970       0x20 c:/program files (x86)/atmel/atmel toolchain/avr32 gcc/native/3.4.1067/avr32-gnu-toolchain/bin/../lib/gcc/avr32/4.4.7/../../../../avr32/lib/ucr3fp\libc.a(lib_a-memchr.o)
 .debug_aranges
                0x00000990       0x20 c:/program files (x86)/atmel/atmel toolchain/avr32 gcc/native/3.4.1067/avr32-gnu-toolchain/bin/../lib/gcc/avr32/4.4.7/../../../../avr32/lib/ucr3fp\libc.a(lib_a-memmove.o)
 .debug_aranges
                0x000009b0       0x20 c:/program files (x86)/atmel/atmel toolchain/avr32 gcc/native/3.4.1067/avr32-gnu-toolchain/bin/../lib/gcc/avr32/4.4.7/../../../../avr32/lib/ucr3fp\libc.a(lib_a-memset.o)
 .debug_aranges
                0x000009d0       0x28 c:/program files (x86)/atmel/atmel toolchain/avr32 gcc/native/3.4.1067/avr32-gnu-toolchain/bin/../lib/gcc/avr32/4.4.7/../../../../avr32/lib/ucr3fp\libc.a(lib_a-mlock.o)
 .debug_aranges
                0x000009f8       0xb0 c:/program files (x86)/atmel/atmel toolchain/avr32 gcc/native/3.4.1067/avr32-gnu-toolchain/bin/../lib/gcc/avr32/4.4.7/../../../../avr32/lib/ucr3fp\libc.a(lib_a-mprec.o)
 .debug_aranges
                0x00000aa8       0x20 c:/program files (x86)/atmel/atmel toolchain/avr32 gcc/native/3.4.1067/avr32-gnu-toolchain/bin/../lib/gcc/avr32/4.4.7/../../../../avr32/lib/ucr3fp\libc.a(lib_a-reallocr.o)
 .debug_aranges
                0x00000ac8       0x20 c:/program files (x86)/atmel/atmel toolchain/avr32 gcc/native/3.4.1067/avr32-gnu-toolchain/bin/../lib/gcc/avr32/4.4.7/../../../../avr32/lib/ucr3fp\libc.a(lib_a-s_isinfd.o)
 .debug_aranges
                0x00000ae8       0x20 c:/program files (x86)/atmel/atmel toolchain/avr32 gcc/native/3.4.1067/avr32-gnu-toolchain/bin/../lib/gcc/avr32/4.4.7/../../../../avr32/lib/ucr3fp\libc.a(lib_a-s_isnand.o)
 .debug_aranges
                0x00000b08       0x20 c:/program files (x86)/atmel/atmel toolchain/avr32 gcc/native/3.4.1067/avr32-gnu-toolchain/bin/../lib/gcc/avr32/4.4.7/../../../../avr32/lib/ucr3fp\libc.a(lib_a-sbrkr.o)
 .debug_aranges
                0x00000b28       0x38 c:/program files (x86)/atmel/atmel toolchain/avr32 gcc/native/3.4.1067/avr32-gnu-toolchain/bin/../lib/gcc/avr32/4.4.7/../../../../avr32/lib/ucr3fp\libc.a(lib_a-stdio.o)
 .debug_aranges
                0x00000b60       0x20 c:/program files (x86)/atmel/atmel toolchain/avr32 gcc/native/3.4.1067/avr32-gnu-toolchain/bin/../lib/gcc/avr32/4.4.7/../../../../avr32/lib/ucr3fp\libc.a(lib_a-strlen.o)
 .debug_aranges
                0x00000b80       0xf8 c:/program files (x86)/atmel/atmel toolchain/avr32 gcc/native/3.4.1067/avr32-gnu-toolchain/bin/../lib/gcc/avr32/4.4.7/../../../../avr32/lib/ucr3fp\libc.a(lib_a-syscalls.o)
 .debug_aranges
                0x00000c78       0x20 c:/program files (x86)/atmel/atmel toolchain/avr32 gcc/native/3.4.1067/avr32-gnu-toolchain/bin/../lib/gcc/avr32/4.4.7/../../../../avr32/lib/ucr3fp\libc.a(lib_a-writer.o)
 .debug_aranges
                0x00000c98       0x20 c:/program files (x86)/atmel/atmel toolchain/avr32 gcc/native/3.4.1067/avr32-gnu-toolchain/bin/../lib/gcc/avr32/4.4.7/../../../../avr32/lib/ucr3fp\libc.a(lib_a-callocr.o)
 .debug_aranges
                0x00000cb8       0x20 c:/program files (x86)/atmel/atmel toolchain/avr32 gcc/native/3.4.1067/avr32-gnu-toolchain/bin/../lib/gcc/avr32/4.4.7/../../../../avr32/lib/ucr3fp\libc.a(lib_a-closer.o)
 .debug_aranges
                0x00000cd8       0x20 c:/program files (x86)/atmel/atmel toolchain/avr32 gcc/native/3.4.1067/avr32-gnu-toolchain/bin/../lib/gcc/avr32/4.4.7/../../../../avr32/lib/ucr3fp\libc.a(lib_a-errno.o)
 .debug_aranges
                0x00000cf8       0x28 c:/program files (x86)/atmel/atmel toolchain/avr32 gcc/native/3.4.1067/avr32-gnu-toolchain/bin/../lib/gcc/avr32/4.4.7/../../../../avr32/lib/ucr3fp\libc.a(lib_a-fclose.o)
 .debug_aranges
                0x00000d20       0x20 c:/program files (x86)/atmel/atmel toolchain/avr32 gcc/native/3.4.1067/avr32-gnu-toolchain/bin/../lib/gcc/avr32/4.4.7/../../../../avr32/lib/ucr3fp\libc.a(lib_a-fstatr.o)
 .debug_aranges
                0x00000d40       0x20 c:/program files (x86)/atmel/atmel toolchain/avr32 gcc/native/3.4.1067/avr32-gnu-toolchain/bin/../lib/gcc/avr32/4.4.7/../../../../avr32/lib/ucr3fp\libc.a(lib_a-lseekr.o)
 .debug_aranges
                0x00000d60       0x20 c:/program files (x86)/atmel/atmel toolchain/avr32 gcc/native/3.4.1067/avr32-gnu-toolchain/bin/../lib/gcc/avr32/4.4.7/../../../../avr32/lib/ucr3fp\libc.a(lib_a-readr.o)
 .debug_aranges
                0x00000d80       0x30 c:/program files (x86)/atmel/atmel toolchain/avr32 gcc/native/3.4.1067/avr32-gnu-toolchain/bin/../lib/gcc/avr32/4.4.7/../../../../avr32/lib/ucr3fp\libc.a(lib_a-reent.o)
 .debug_aranges
                0x00000db0       0x20 c:/program files (x86)/atmel/atmel toolchain/avr32 gcc/native/3.4.1067/avr32-gnu-toolchain/bin/../lib/gcc/avr32/4.4.7/ucr3fp\libgcc.a(_udivdi3.o)
 .debug_aranges
                0x00000dd0       0x20 c:/program files (x86)/atmel/atmel toolchain/avr32 gcc/native/3.4.1067/avr32-gnu-toolchain/bin/../lib/gcc/avr32/4.4.7/ucr3fp\libgcc.a(_umoddi3.o)

.debug_pubnames
                0x00000000     0x1d5c
 *(.debug_pubnames)
 .debug_pubnames
                0x00000000       0xd6 src/ASF/avr32/drivers/twim/twim.o
 .debug_pubnames
                0x000000d6       0x55 src/ASF/avr32/drivers/twis/twis.o
 .debug_pubnames
                0x0000012b      0x147 src/i2c_tests.o
 .debug_pubnames
                0x00000272       0x6c src/terminal_controller.o
 .debug_pubnames
                0x000002de       0x9f src/tests_execution_control.o
 .debug_pubnames
                0x0000037d      0x79d src/ASF/avr32/drivers/flashc/flashc.o
 .debug_pubnames
                0x00000b1a      0x3aa src/ASF/avr32/drivers/gpio/gpio.o
 .debug_pubnames
                0x00000ec4       0x62 src/ASF/avr32/drivers/intc/intc.o
 .debug_pubnames
                0x00000f26      0x241 src/ASF/avr32/drivers/usart/usart.o
 .debug_pubnames
                0x00001167       0xe4 src/ASF/common/services/clock/uc3c/osc.o
 .debug_pubnames
                0x0000124b       0xbc src/ASF/common/services/clock/uc3c/sysclk.o
 .debug_pubnames
                0x00001307       0x32 src/tcc_test_controller.o
 .debug_pubnames
                0x00001339       0x2d c:/program files (x86)/atmel/atmel toolchain/avr32 gcc/native/3.4.1067/avr32-gnu-toolchain/bin/../lib/gcc/avr32/4.4.7/../../../../avr32/lib/ucr3fp\libc.a(lib_a-sprintf.o)
 .debug_pubnames
                0x00001366       0x2f c:/program files (x86)/atmel/atmel toolchain/avr32 gcc/native/3.4.1067/avr32-gnu-toolchain/bin/../lib/gcc/avr32/4.4.7/../../../../avr32/lib/ucr3fp\libc.a(lib_a-vfprintf.o)
 .debug_pubnames
                0x00001395       0x22 c:/program files (x86)/atmel/atmel toolchain/avr32 gcc/native/3.4.1067/avr32-gnu-toolchain/bin/../lib/gcc/avr32/4.4.7/../../../../avr32/lib/ucr3fp\libc.a(lib_a-wsetup.o)
 .debug_pubnames
                0x000013b7       0x1e c:/program files (x86)/atmel/atmel toolchain/avr32 gcc/native/3.4.1067/avr32-gnu-toolchain/bin/../lib/gcc/avr32/4.4.7/../../../../avr32/lib/ucr3fp\libc.a(lib_a-dtoa.o)
 .debug_pubnames
                0x000013d5       0x2b c:/program files (x86)/atmel/atmel toolchain/avr32 gcc/native/3.4.1067/avr32-gnu-toolchain/bin/../lib/gcc/avr32/4.4.7/../../../../avr32/lib/ucr3fp\libc.a(lib_a-fflush.o)
 .debug_pubnames
                0x00001400      0x119 c:/program files (x86)/atmel/atmel toolchain/avr32 gcc/native/3.4.1067/avr32-gnu-toolchain/bin/../lib/gcc/avr32/4.4.7/../../../../avr32/lib/ucr3fp\libc.a(lib_a-findfp.o)
 .debug_pubnames
                0x00001519       0x31 c:/program files (x86)/atmel/atmel toolchain/avr32 gcc/native/3.4.1067/avr32-gnu-toolchain/bin/../lib/gcc/avr32/4.4.7/../../../../avr32/lib/ucr3fp\libc.a(lib_a-freer.o)
 .debug_pubnames
                0x0000154a       0x23 c:/program files (x86)/atmel/atmel toolchain/avr32 gcc/native/3.4.1067/avr32-gnu-toolchain/bin/../lib/gcc/avr32/4.4.7/../../../../avr32/lib/ucr3fp\libc.a(lib_a-fvwrite.o)
 .debug_pubnames
                0x0000156d       0x2e c:/program files (x86)/atmel/atmel toolchain/avr32 gcc/native/3.4.1067/avr32-gnu-toolchain/bin/../lib/gcc/avr32/4.4.7/../../../../avr32/lib/ucr3fp\libc.a(lib_a-fwalk.o)
 .debug_pubnames
                0x0000159b       0x39 c:/program files (x86)/atmel/atmel toolchain/avr32 gcc/native/3.4.1067/avr32-gnu-toolchain/bin/../lib/gcc/avr32/4.4.7/../../../../avr32/lib/ucr3fp\libc.a(lib_a-impure.o)
 .debug_pubnames
                0x000015d4       0xc3 c:/program files (x86)/atmel/atmel toolchain/avr32 gcc/native/3.4.1067/avr32-gnu-toolchain/bin/../lib/gcc/avr32/4.4.7/../../../../avr32/lib/ucr3fp\libc.a(lib_a-locale.o)
 .debug_pubnames
                0x00001697       0x23 c:/program files (x86)/atmel/atmel toolchain/avr32 gcc/native/3.4.1067/avr32-gnu-toolchain/bin/../lib/gcc/avr32/4.4.7/../../../../avr32/lib/ucr3fp\libc.a(lib_a-makebuf.o)
 .debug_pubnames
                0x000016ba       0x26 c:/program files (x86)/atmel/atmel toolchain/avr32 gcc/native/3.4.1067/avr32-gnu-toolchain/bin/../lib/gcc/avr32/4.4.7/../../../../avr32/lib/ucr3fp\libc.a(lib_a-malloc.o)
 .debug_pubnames
                0x000016e0       0xce c:/program files (x86)/atmel/atmel toolchain/avr32 gcc/native/3.4.1067/avr32-gnu-toolchain/bin/../lib/gcc/avr32/4.4.7/../../../../avr32/lib/ucr3fp\libc.a(lib_a-mallocr.o)
 .debug_pubnames
                0x000017ae       0x1d c:/program files (x86)/atmel/atmel toolchain/avr32 gcc/native/3.4.1067/avr32-gnu-toolchain/bin/../lib/gcc/avr32/4.4.7/../../../../avr32/lib/ucr3fp\libc.a(lib_a-memchr.o)
 .debug_pubnames
                0x000017cb       0x1e c:/program files (x86)/atmel/atmel toolchain/avr32 gcc/native/3.4.1067/avr32-gnu-toolchain/bin/../lib/gcc/avr32/4.4.7/../../../../avr32/lib/ucr3fp\libc.a(lib_a-memmove.o)
 .debug_pubnames
                0x000017e9       0x1d c:/program files (x86)/atmel/atmel toolchain/avr32 gcc/native/3.4.1067/avr32-gnu-toolchain/bin/../lib/gcc/avr32/4.4.7/../../../../avr32/lib/ucr3fp\libc.a(lib_a-memset.o)
 .debug_pubnames
                0x00001806       0x38 c:/program files (x86)/atmel/atmel toolchain/avr32 gcc/native/3.4.1067/avr32-gnu-toolchain/bin/../lib/gcc/avr32/4.4.7/../../../../avr32/lib/ucr3fp\libc.a(lib_a-mlock.o)
 .debug_pubnames
                0x0000183e      0x13a c:/program files (x86)/atmel/atmel toolchain/avr32 gcc/native/3.4.1067/avr32-gnu-toolchain/bin/../lib/gcc/avr32/4.4.7/../../../../avr32/lib/ucr3fp\libc.a(lib_a-mprec.o)
 .debug_pubnames
                0x00001978       0x21 c:/program files (x86)/atmel/atmel toolchain/avr32 gcc/native/3.4.1067/avr32-gnu-toolchain/bin/../lib/gcc/avr32/4.4.7/../../../../avr32/lib/ucr3fp\libc.a(lib_a-reallocr.o)
 .debug_pubnames
                0x00001999       0x1f c:/program files (x86)/atmel/atmel toolchain/avr32 gcc/native/3.4.1067/avr32-gnu-toolchain/bin/../lib/gcc/avr32/4.4.7/../../../../avr32/lib/ucr3fp\libc.a(lib_a-s_isinfd.o)
 .debug_pubnames
                0x000019b8       0x1f c:/program files (x86)/atmel/atmel toolchain/avr32 gcc/native/3.4.1067/avr32-gnu-toolchain/bin/../lib/gcc/avr32/4.4.7/../../../../avr32/lib/ucr3fp\libc.a(lib_a-s_isnand.o)
 .debug_pubnames
                0x000019d7       0x1e c:/program files (x86)/atmel/atmel toolchain/avr32 gcc/native/3.4.1067/avr32-gnu-toolchain/bin/../lib/gcc/avr32/4.4.7/../../../../avr32/lib/ucr3fp\libc.a(lib_a-sbrkr.o)
 .debug_pubnames
                0x000019f5       0x44 c:/program files (x86)/atmel/atmel toolchain/avr32 gcc/native/3.4.1067/avr32-gnu-toolchain/bin/../lib/gcc/avr32/4.4.7/../../../../avr32/lib/ucr3fp\libc.a(lib_a-stdio.o)
 .debug_pubnames
                0x00001a39       0x1d c:/program files (x86)/atmel/atmel toolchain/avr32 gcc/native/3.4.1067/avr32-gnu-toolchain/bin/../lib/gcc/avr32/4.4.7/../../../../avr32/lib/ucr3fp\libc.a(lib_a-strlen.o)
 .debug_pubnames
                0x00001a56      0x171 c:/program files (x86)/atmel/atmel toolchain/avr32 gcc/native/3.4.1067/avr32-gnu-toolchain/bin/../lib/gcc/avr32/4.4.7/../../../../avr32/lib/ucr3fp\libc.a(lib_a-syscalls.o)
 .debug_pubnames
                0x00001bc7       0x1f c:/program files (x86)/atmel/atmel toolchain/avr32 gcc/native/3.4.1067/avr32-gnu-toolchain/bin/../lib/gcc/avr32/4.4.7/../../../../avr32/lib/ucr3fp\libc.a(lib_a-writer.o)
 .debug_pubnames
                0x00001be6       0x20 c:/program files (x86)/atmel/atmel toolchain/avr32 gcc/native/3.4.1067/avr32-gnu-toolchain/bin/../lib/gcc/avr32/4.4.7/../../../../avr32/lib/ucr3fp\libc.a(lib_a-callocr.o)
 .debug_pubnames
                0x00001c06       0x1f c:/program files (x86)/atmel/atmel toolchain/avr32 gcc/native/3.4.1067/avr32-gnu-toolchain/bin/../lib/gcc/avr32/4.4.7/../../../../avr32/lib/ucr3fp\libc.a(lib_a-closer.o)
 .debug_pubnames
                0x00001c25       0x1e c:/program files (x86)/atmel/atmel toolchain/avr32 gcc/native/3.4.1067/avr32-gnu-toolchain/bin/../lib/gcc/avr32/4.4.7/../../../../avr32/lib/ucr3fp\libc.a(lib_a-errno.o)
 .debug_pubnames
                0x00001c43       0x2b c:/program files (x86)/atmel/atmel toolchain/avr32 gcc/native/3.4.1067/avr32-gnu-toolchain/bin/../lib/gcc/avr32/4.4.7/../../../../avr32/lib/ucr3fp\libc.a(lib_a-fclose.o)
 .debug_pubnames
                0x00001c6e       0x1f c:/program files (x86)/atmel/atmel toolchain/avr32 gcc/native/3.4.1067/avr32-gnu-toolchain/bin/../lib/gcc/avr32/4.4.7/../../../../avr32/lib/ucr3fp\libc.a(lib_a-fstatr.o)
 .debug_pubnames
                0x00001c8d       0x1f c:/program files (x86)/atmel/atmel toolchain/avr32 gcc/native/3.4.1067/avr32-gnu-toolchain/bin/../lib/gcc/avr32/4.4.7/../../../../avr32/lib/ucr3fp\libc.a(lib_a-lseekr.o)
 .debug_pubnames
                0x00001cac       0x1e c:/program files (x86)/atmel/atmel toolchain/avr32 gcc/native/3.4.1067/avr32-gnu-toolchain/bin/../lib/gcc/avr32/4.4.7/../../../../avr32/lib/ucr3fp\libc.a(lib_a-readr.o)
 .debug_pubnames
                0x00001cca       0x52 c:/program files (x86)/atmel/atmel toolchain/avr32 gcc/native/3.4.1067/avr32-gnu-toolchain/bin/../lib/gcc/avr32/4.4.7/../../../../avr32/lib/ucr3fp\libc.a(lib_a-reent.o)
 .debug_pubnames
                0x00001d1c       0x20 c:/program files (x86)/atmel/atmel toolchain/avr32 gcc/native/3.4.1067/avr32-gnu-toolchain/bin/../lib/gcc/avr32/4.4.7/ucr3fp\libgcc.a(_udivdi3.o)
 .debug_pubnames
                0x00001d3c       0x20 c:/program files (x86)/atmel/atmel toolchain/avr32 gcc/native/3.4.1067/avr32-gnu-toolchain/bin/../lib/gcc/avr32/4.4.7/ucr3fp\libgcc.a(_umoddi3.o)

.debug_info     0x00000000    0x2c522
 *(.debug_info .gnu.linkonce.wi.*)
 .debug_info    0x00000000     0x1221 src/ASF/avr32/drivers/twim/twim.o
 .debug_info    0x00001221      0xf2e src/ASF/avr32/drivers/twis/twis.o
 .debug_info    0x0000214f     0x425d src/i2c_tests.o
 .debug_info    0x000063ac     0x26fa src/terminal_controller.o
 .debug_info    0x00008aa6     0x286e src/tests_execution_control.o
 .debug_info    0x0000b314     0x1cfb src/ASF/avr32/drivers/flashc/flashc.o
 .debug_info    0x0000d00f      0xf50 src/ASF/avr32/drivers/gpio/gpio.o
 .debug_info    0x0000df5f       0xe0 src/ASF/avr32/drivers/intc/exception.o
 .debug_info    0x0000e03f      0x836 src/ASF/avr32/drivers/intc/intc.o
 .debug_info    0x0000e875     0x31c1 src/ASF/avr32/drivers/usart/usart.o
 .debug_info    0x00011a36       0xdf src/ASF/avr32/utils/startup/startup_uc3.o
 .debug_info    0x00011b15       0xe6 src/ASF/avr32/utils/startup/trampoline_uc3.o
 .debug_info    0x00011bfb     0x1488 src/ASF/common/services/clock/uc3c/osc.o
 .debug_info    0x00013083     0x2512 src/ASF/common/services/clock/uc3c/sysclk.o
 .debug_info    0x00015595     0x2636 src/tcc_test_controller.o
 .debug_info    0x00017bcb      0x989 c:/program files (x86)/atmel/atmel toolchain/avr32 gcc/native/3.4.1067/avr32-gnu-toolchain/bin/../lib/gcc/avr32/4.4.7/../../../../avr32/lib/ucr3fp\libc.a(lib_a-sprintf.o)
 .debug_info    0x00018554     0x15e8 c:/program files (x86)/atmel/atmel toolchain/avr32 gcc/native/3.4.1067/avr32-gnu-toolchain/bin/../lib/gcc/avr32/4.4.7/../../../../avr32/lib/ucr3fp\libc.a(lib_a-vfprintf.o)
 .debug_info    0x00019b3c      0x982 c:/program files (x86)/atmel/atmel toolchain/avr32 gcc/native/3.4.1067/avr32-gnu-toolchain/bin/../lib/gcc/avr32/4.4.7/../../../../avr32/lib/ucr3fp\libc.a(lib_a-wsetup.o)
 .debug_info    0x0001a4be      0xcf7 c:/program files (x86)/atmel/atmel toolchain/avr32 gcc/native/3.4.1067/avr32-gnu-toolchain/bin/../lib/gcc/avr32/4.4.7/../../../../avr32/lib/ucr3fp\libc.a(lib_a-dtoa.o)
 .debug_info    0x0001b1b5      0xa22 c:/program files (x86)/atmel/atmel toolchain/avr32 gcc/native/3.4.1067/avr32-gnu-toolchain/bin/../lib/gcc/avr32/4.4.7/../../../../avr32/lib/ucr3fp\libc.a(lib_a-fflush.o)
 .debug_info    0x0001bbd7      0xc2a c:/program files (x86)/atmel/atmel toolchain/avr32 gcc/native/3.4.1067/avr32-gnu-toolchain/bin/../lib/gcc/avr32/4.4.7/../../../../avr32/lib/ucr3fp\libc.a(lib_a-findfp.o)
 .debug_info    0x0001c801      0xb3d c:/program files (x86)/atmel/atmel toolchain/avr32 gcc/native/3.4.1067/avr32-gnu-toolchain/bin/../lib/gcc/avr32/4.4.7/../../../../avr32/lib/ucr3fp\libc.a(lib_a-freer.o)
 .debug_info    0x0001d33e      0x9fc c:/program files (x86)/atmel/atmel toolchain/avr32 gcc/native/3.4.1067/avr32-gnu-toolchain/bin/../lib/gcc/avr32/4.4.7/../../../../avr32/lib/ucr3fp\libc.a(lib_a-fvwrite.o)
 .debug_info    0x0001dd3a      0xa61 c:/program files (x86)/atmel/atmel toolchain/avr32 gcc/native/3.4.1067/avr32-gnu-toolchain/bin/../lib/gcc/avr32/4.4.7/../../../../avr32/lib/ucr3fp\libc.a(lib_a-fwalk.o)
 .debug_info    0x0001e79b      0x960 c:/program files (x86)/atmel/atmel toolchain/avr32 gcc/native/3.4.1067/avr32-gnu-toolchain/bin/../lib/gcc/avr32/4.4.7/../../../../avr32/lib/ucr3fp\libc.a(lib_a-impure.o)
 .debug_info    0x0001f0fb      0xb24 c:/program files (x86)/atmel/atmel toolchain/avr32 gcc/native/3.4.1067/avr32-gnu-toolchain/bin/../lib/gcc/avr32/4.4.7/../../../../avr32/lib/ucr3fp\libc.a(lib_a-locale.o)
 .debug_info    0x0001fc1f      0xa96 c:/program files (x86)/atmel/atmel toolchain/avr32 gcc/native/3.4.1067/avr32-gnu-toolchain/bin/../lib/gcc/avr32/4.4.7/../../../../avr32/lib/ucr3fp\libc.a(lib_a-makebuf.o)
 .debug_info    0x000206b5      0x8ea c:/program files (x86)/atmel/atmel toolchain/avr32 gcc/native/3.4.1067/avr32-gnu-toolchain/bin/../lib/gcc/avr32/4.4.7/../../../../avr32/lib/ucr3fp\libc.a(lib_a-malloc.o)
 .debug_info    0x00020f9f      0xc4e c:/program files (x86)/atmel/atmel toolchain/avr32 gcc/native/3.4.1067/avr32-gnu-toolchain/bin/../lib/gcc/avr32/4.4.7/../../../../avr32/lib/ucr3fp\libc.a(lib_a-mallocr.o)
 .debug_info    0x00021bed       0xe7 c:/program files (x86)/atmel/atmel toolchain/avr32 gcc/native/3.4.1067/avr32-gnu-toolchain/bin/../lib/gcc/avr32/4.4.7/../../../../avr32/lib/ucr3fp\libc.a(lib_a-memchr.o)
 .debug_info    0x00021cd4      0x102 c:/program files (x86)/atmel/atmel toolchain/avr32 gcc/native/3.4.1067/avr32-gnu-toolchain/bin/../lib/gcc/avr32/4.4.7/../../../../avr32/lib/ucr3fp\libc.a(lib_a-memmove.o)
 .debug_info    0x00021dd6       0xcd c:/program files (x86)/atmel/atmel toolchain/avr32 gcc/native/3.4.1067/avr32-gnu-toolchain/bin/../lib/gcc/avr32/4.4.7/../../../../avr32/lib/ucr3fp\libc.a(lib_a-memset.o)
 .debug_info    0x00021ea3      0x8cf c:/program files (x86)/atmel/atmel toolchain/avr32 gcc/native/3.4.1067/avr32-gnu-toolchain/bin/../lib/gcc/avr32/4.4.7/../../../../avr32/lib/ucr3fp\libc.a(lib_a-mlock.o)
 .debug_info    0x00022772     0x149a c:/program files (x86)/atmel/atmel toolchain/avr32 gcc/native/3.4.1067/avr32-gnu-toolchain/bin/../lib/gcc/avr32/4.4.7/../../../../avr32/lib/ucr3fp\libc.a(lib_a-mprec.o)
 .debug_info    0x00023c0c      0xb17 c:/program files (x86)/atmel/atmel toolchain/avr32 gcc/native/3.4.1067/avr32-gnu-toolchain/bin/../lib/gcc/avr32/4.4.7/../../../../avr32/lib/ucr3fp\libc.a(lib_a-reallocr.o)
 .debug_info    0x00024723      0x14d c:/program files (x86)/atmel/atmel toolchain/avr32 gcc/native/3.4.1067/avr32-gnu-toolchain/bin/../lib/gcc/avr32/4.4.7/../../../../avr32/lib/ucr3fp\libc.a(lib_a-s_isinfd.o)
 .debug_info    0x00024870      0x14c c:/program files (x86)/atmel/atmel toolchain/avr32 gcc/native/3.4.1067/avr32-gnu-toolchain/bin/../lib/gcc/avr32/4.4.7/../../../../avr32/lib/ucr3fp\libc.a(lib_a-s_isnand.o)
 .debug_info    0x000249bc      0x8de c:/program files (x86)/atmel/atmel toolchain/avr32 gcc/native/3.4.1067/avr32-gnu-toolchain/bin/../lib/gcc/avr32/4.4.7/../../../../avr32/lib/ucr3fp\libc.a(lib_a-sbrkr.o)
 .debug_info    0x0002529a      0xa28 c:/program files (x86)/atmel/atmel toolchain/avr32 gcc/native/3.4.1067/avr32-gnu-toolchain/bin/../lib/gcc/avr32/4.4.7/../../../../avr32/lib/ucr3fp\libc.a(lib_a-stdio.o)
 .debug_info    0x00025cc2       0xbe c:/program files (x86)/atmel/atmel toolchain/avr32 gcc/native/3.4.1067/avr32-gnu-toolchain/bin/../lib/gcc/avr32/4.4.7/../../../../avr32/lib/ucr3fp\libc.a(lib_a-strlen.o)
 .debug_info    0x00025d80      0x93a c:/program files (x86)/atmel/atmel toolchain/avr32 gcc/native/3.4.1067/avr32-gnu-toolchain/bin/../lib/gcc/avr32/4.4.7/../../../../avr32/lib/ucr3fp\libc.a(lib_a-syscalls.o)
 .debug_info    0x000266ba      0x90d c:/program files (x86)/atmel/atmel toolchain/avr32 gcc/native/3.4.1067/avr32-gnu-toolchain/bin/../lib/gcc/avr32/4.4.7/../../../../avr32/lib/ucr3fp\libc.a(lib_a-writer.o)
 .debug_info    0x00026fc7      0x997 c:/program files (x86)/atmel/atmel toolchain/avr32 gcc/native/3.4.1067/avr32-gnu-toolchain/bin/../lib/gcc/avr32/4.4.7/../../../../avr32/lib/ucr3fp\libc.a(lib_a-callocr.o)
 .debug_info    0x0002795e      0x8d2 c:/program files (x86)/atmel/atmel toolchain/avr32 gcc/native/3.4.1067/avr32-gnu-toolchain/bin/../lib/gcc/avr32/4.4.7/../../../../avr32/lib/ucr3fp\libc.a(lib_a-closer.o)
 .debug_info    0x00028230      0x8a6 c:/program files (x86)/atmel/atmel toolchain/avr32 gcc/native/3.4.1067/avr32-gnu-toolchain/bin/../lib/gcc/avr32/4.4.7/../../../../avr32/lib/ucr3fp\libc.a(lib_a-errno.o)
 .debug_info    0x00028ad6      0x9bc c:/program files (x86)/atmel/atmel toolchain/avr32 gcc/native/3.4.1067/avr32-gnu-toolchain/bin/../lib/gcc/avr32/4.4.7/../../../../avr32/lib/ucr3fp\libc.a(lib_a-fclose.o)
 .debug_info    0x00029492      0xa76 c:/program files (x86)/atmel/atmel toolchain/avr32 gcc/native/3.4.1067/avr32-gnu-toolchain/bin/../lib/gcc/avr32/4.4.7/../../../../avr32/lib/ucr3fp\libc.a(lib_a-fstatr.o)
 .debug_info    0x00029f08      0x8fb c:/program files (x86)/atmel/atmel toolchain/avr32 gcc/native/3.4.1067/avr32-gnu-toolchain/bin/../lib/gcc/avr32/4.4.7/../../../../avr32/lib/ucr3fp\libc.a(lib_a-lseekr.o)
 .debug_info    0x0002a803      0x906 c:/program files (x86)/atmel/atmel toolchain/avr32 gcc/native/3.4.1067/avr32-gnu-toolchain/bin/../lib/gcc/avr32/4.4.7/../../../../avr32/lib/ucr3fp\libc.a(lib_a-readr.o)
 .debug_info    0x0002b109      0x973 c:/program files (x86)/atmel/atmel toolchain/avr32 gcc/native/3.4.1067/avr32-gnu-toolchain/bin/../lib/gcc/avr32/4.4.7/../../../../avr32/lib/ucr3fp\libc.a(lib_a-reent.o)
 .debug_info    0x0002ba7c      0x57b c:/program files (x86)/atmel/atmel toolchain/avr32 gcc/native/3.4.1067/avr32-gnu-toolchain/bin/../lib/gcc/avr32/4.4.7/ucr3fp\libgcc.a(_udivdi3.o)
 .debug_info    0x0002bff7      0x52b c:/program files (x86)/atmel/atmel toolchain/avr32 gcc/native/3.4.1067/avr32-gnu-toolchain/bin/../lib/gcc/avr32/4.4.7/ucr3fp\libgcc.a(_umoddi3.o)

.debug_abbrev   0x00000000     0x577c
 *(.debug_abbrev)
 .debug_abbrev  0x00000000      0x282 src/ASF/avr32/drivers/twim/twim.o
 .debug_abbrev  0x00000282      0x25f src/ASF/avr32/drivers/twis/twis.o
 .debug_abbrev  0x000004e1      0x324 src/i2c_tests.o
 .debug_abbrev  0x00000805      0x187 src/terminal_controller.o
 .debug_abbrev  0x0000098c      0x21e src/tests_execution_control.o
 .debug_abbrev  0x00000baa      0x326 src/ASF/avr32/drivers/flashc/flashc.o
 .debug_abbrev  0x00000ed0      0x2f4 src/ASF/avr32/drivers/gpio/gpio.o
 .debug_abbrev  0x000011c4       0x14 src/ASF/avr32/drivers/intc/exception.o
 .debug_abbrev  0x000011d8      0x1f2 src/ASF/avr32/drivers/intc/intc.o
 .debug_abbrev  0x000013ca      0x32b src/ASF/avr32/drivers/usart/usart.o
 .debug_abbrev  0x000016f5       0x12 src/ASF/avr32/utils/startup/startup_uc3.o
 .debug_abbrev  0x00001707       0x14 src/ASF/avr32/utils/startup/trampoline_uc3.o
 .debug_abbrev  0x0000171b      0x1b9 src/ASF/common/services/clock/uc3c/osc.o
 .debug_abbrev  0x000018d4      0x2b4 src/ASF/common/services/clock/uc3c/sysclk.o
 .debug_abbrev  0x00001b88      0x137 src/tcc_test_controller.o
 .debug_abbrev  0x00001cbf      0x1a4 c:/program files (x86)/atmel/atmel toolchain/avr32 gcc/native/3.4.1067/avr32-gnu-toolchain/bin/../lib/gcc/avr32/4.4.7/../../../../avr32/lib/ucr3fp\libc.a(lib_a-sprintf.o)
 .debug_abbrev  0x00001e63      0x3dd c:/program files (x86)/atmel/atmel toolchain/avr32 gcc/native/3.4.1067/avr32-gnu-toolchain/bin/../lib/gcc/avr32/4.4.7/../../../../avr32/lib/ucr3fp\libc.a(lib_a-vfprintf.o)
 .debug_abbrev  0x00002240      0x16a c:/program files (x86)/atmel/atmel toolchain/avr32 gcc/native/3.4.1067/avr32-gnu-toolchain/bin/../lib/gcc/avr32/4.4.7/../../../../avr32/lib/ucr3fp\libc.a(lib_a-wsetup.o)
 .debug_abbrev  0x000023aa      0x251 c:/program files (x86)/atmel/atmel toolchain/avr32 gcc/native/3.4.1067/avr32-gnu-toolchain/bin/../lib/gcc/avr32/4.4.7/../../../../avr32/lib/ucr3fp\libc.a(lib_a-dtoa.o)
 .debug_abbrev  0x000025fb      0x1c6 c:/program files (x86)/atmel/atmel toolchain/avr32 gcc/native/3.4.1067/avr32-gnu-toolchain/bin/../lib/gcc/avr32/4.4.7/../../../../avr32/lib/ucr3fp\libc.a(lib_a-fflush.o)
 .debug_abbrev  0x000027c1      0x28c c:/program files (x86)/atmel/atmel toolchain/avr32 gcc/native/3.4.1067/avr32-gnu-toolchain/bin/../lib/gcc/avr32/4.4.7/../../../../avr32/lib/ucr3fp\libc.a(lib_a-findfp.o)
 .debug_abbrev  0x00002a4d      0x1d9 c:/program files (x86)/atmel/atmel toolchain/avr32 gcc/native/3.4.1067/avr32-gnu-toolchain/bin/../lib/gcc/avr32/4.4.7/../../../../avr32/lib/ucr3fp\libc.a(lib_a-freer.o)
 .debug_abbrev  0x00002c26      0x1b4 c:/program files (x86)/atmel/atmel toolchain/avr32 gcc/native/3.4.1067/avr32-gnu-toolchain/bin/../lib/gcc/avr32/4.4.7/../../../../avr32/lib/ucr3fp\libc.a(lib_a-fvwrite.o)
 .debug_abbrev  0x00002dda      0x1df c:/program files (x86)/atmel/atmel toolchain/avr32 gcc/native/3.4.1067/avr32-gnu-toolchain/bin/../lib/gcc/avr32/4.4.7/../../../../avr32/lib/ucr3fp\libc.a(lib_a-fwalk.o)